******************************************************************************
             TMS320C2000 Linker Unix v15.12.3                  
******************************************************************************
>> Linked Thu Mar 15 16:03:30 2018

OUTPUT FILE NAME:   <./output/Target28069_Blink.out>
ENTRY POINT SYMBOL: "_c_int00"  address: 003f612f


MEMORY CONFIGURATION

         name            origin    length      used     unused   attr    fill
----------------------  --------  ---------  --------  --------  ----  --------
PAGE 0:
  RAML1                 00008800   00000400  0000001f  000003e1  RWIX
  OTP                   003d7800   00000400  00000000  00000400  RWIX
  FLASHA                003f4000   00003f80  0000243b  00001b45  RWIX
  CSM_RSVD              003f7f80   00000076  00000000  00000076  RWIX
  BEGIN                 003f7ff6   00000002  00000002  00000000  RWIX
  CSM_PWL_P0            003f7ff8   00000008  00000000  00000008  RWIX
  ROM                   003ff3b0   00000c10  00000000  00000c10  RWIX
  RESET                 003fffc0   00000002  00000000  00000002  RWIX
  VECTORS               003fffc2   0000003e  00000000  0000003e  RWIX

PAGE 1:
  BOOT_RSVD             00000000   00000050  00000000  00000050  RWIX
  RAMM0                 00000050   000003b0  00000300  000000b0  RWIX
  RAMM1                 00000400   00000400  00000000  00000400  RWIX
  DEV_EMU               00000880   00000105  00000004  00000101  RWIX
  SYS_PWR_CTL           00000985   00000003  00000003  00000000  RWIX
  FLASH_REGS            00000a80   00000060  00000008  00000058  RWIX
  CSM                   00000ae0   00000020  00000010  00000010  RWIX
  ADC_RESULT            00000b00   00000020  00000010  00000010  RWIX
  CPU_TIMER0            00000c00   00000008  00000008  00000000  RWIX
  CPU_TIMER1            00000c08   00000008  00000008  00000000  RWIX
  CPU_TIMER2            00000c10   00000008  00000008  00000000  RWIX
  PIE_CTRL              00000ce0   00000020  0000001a  00000006  RWIX
  PIE_VECT              00000d00   00000100  00000100  00000000  RWIX
  DMA                   00001000   00000200  000000e0  00000120  RWIX
  CLA1                  00001400   00000080  00000040  00000040  RWIX
  USB0                  00004000   00001000  00000454  00000bac  RWIX
  McBSPA                00005000   00000040  00000024  0000001c  RWIX
  ECANA                 00006000   00000040  00000034  0000000c  RWIX
  ECANA_LAM             00006040   00000040  00000040  00000000  RWIX
  ECANA_MOTS            00006080   00000040  00000040  00000000  RWIX
  ECANA_MOTO            000060c0   00000040  00000040  00000000  RWIX
  ECANA_MBOX            00006100   00000100  00000100  00000000  RWIX
  COMP1                 00006400   00000020  00000014  0000000c  RWIX
  COMP2                 00006420   00000020  00000014  0000000c  RWIX
  COMP3                 00006440   00000020  00000014  0000000c  RWIX
  EPWM1                 00006800   00000040  00000040  00000000  RWIX
  EPWM2                 00006840   00000040  00000040  00000000  RWIX
  EPWM3                 00006880   00000040  00000040  00000000  RWIX
  EPWM4                 000068c0   00000040  00000040  00000000  RWIX
  EPWM5                 00006900   00000040  00000040  00000000  RWIX
  EPWM6                 00006940   00000040  00000040  00000000  RWIX
  EPWM7                 00006980   00000040  00000040  00000000  RWIX
  EPWM8                 000069c0   00000040  00000040  00000000  RWIX
  ECAP1                 00006a00   00000020  00000020  00000000  RWIX
  ECAP2                 00006a20   00000020  00000020  00000000  RWIX
  ECAP3                 00006a40   00000020  00000020  00000000  RWIX
  HRCAP1                00006ac0   00000020  00000020  00000000  RWIX
  HRCAP2                00006ae0   00000020  00000020  00000000  RWIX
  EQEP1                 00006b00   00000040  00000022  0000001e  RWIX
  EQEP2                 00006b40   00000040  00000022  0000001e  RWIX
  HRCAP3                00006c80   00000020  00000020  00000000  RWIX
  HRCAP4                00006ca0   00000020  00000020  00000000  RWIX
  GPIOCTRL              00006f80   00000040  00000040  00000000  RWIX
  GPIODAT               00006fc0   00000020  00000020  00000000  RWIX
  GPIOINT               00006fe0   00000020  00000020  00000000  RWIX
  SYSTEM                00007010   00000030  00000030  00000000  RWIX
  SPIA                  00007040   00000010  00000010  00000000  RWIX
  SCIA                  00007050   00000010  00000010  00000000  RWIX
  NMIINTRUPT            00007060   00000010  00000010  00000000  RWIX
  XINTRUPT              00007070   00000010  00000010  00000000  RWIX
  ADC                   00007100   00000080  00000050  00000030  RWIX
  SPIB                  00007740   00000010  00000010  00000000  RWIX
  SCIB                  00007750   00000010  00000010  00000000  RWIX
  I2CA                  00007900   00000040  00000022  0000001e  RWIX
  RAML0_TAGS            00008000   00000002  00000000  00000002  RWIX
  RAML0                 00008002   000007fe  00000616  000001e8  RWIX
  RAML2                 00008c00   00000400  00000000  00000400  RWIX
  RAML3                 00009000   00001000  00000000  00001000  RWIX
  RAML4                 0000a000   00002000  00000000  00002000  RWIX
  RAML5                 0000c000   00002000  00000000  00002000  RWIX
  RAML6                 0000e000   00002000  00000000  00002000  RWIX
  RAML78                00010000   00004000  00000000  00004000  RWIX
  PARTID                003d7e80   00000001  00000001  00000000  RWIX
  CSM_PWL               003f7ff8   00000008  00000008  00000000  RWIX

PAGE 2:
  PIL_SYMBOLS           00000000   00001000  00000000  00001000  RWIX


SECTION ALLOCATION MAP

 output                                  attributes/
section   page    origin      length       input sections
--------  ----  ----------  ----------   ----------------
ramfuncs   0    003f62f0    0000001f     RUN ADDR = 00008800
                  003f62f0    0000001b     F2806x_DevInit.obj (ramfuncs)
                  003f630b    00000004     F2806x_usDelay.obj (ramfuncs)

DevEmuRegsFile 
*          1    00000880    00000004     UNINITIALIZED
                  00000880    00000004     F2806x_GlobalVariableDefs.obj (DevEmuRegsFile)

SysPwrCtrlRegsFile 
*          1    00000985    00000003     UNINITIALIZED
                  00000985    00000003     F2806x_GlobalVariableDefs.obj (SysPwrCtrlRegsFile)

FlashRegsFile 
*          1    00000a80    00000008     UNINITIALIZED
                  00000a80    00000008     F2806x_GlobalVariableDefs.obj (FlashRegsFile)

CsmRegsFile 
*          1    00000ae0    00000010     UNINITIALIZED
                  00000ae0    00000010     F2806x_GlobalVariableDefs.obj (CsmRegsFile)

AdcResultFile 
*          1    00000b00    00000010     UNINITIALIZED
                  00000b00    00000010     F2806x_GlobalVariableDefs.obj (AdcResultFile)

CpuTimer0RegsFile 
*          1    00000c00    00000008     UNINITIALIZED
                  00000c00    00000008     F2806x_GlobalVariableDefs.obj (CpuTimer0RegsFile)

CpuTimer1RegsFile 
*          1    00000c08    00000008     UNINITIALIZED
                  00000c08    00000008     F2806x_GlobalVariableDefs.obj (CpuTimer1RegsFile)

CpuTimer2RegsFile 
*          1    00000c10    00000008     UNINITIALIZED
                  00000c10    00000008     F2806x_GlobalVariableDefs.obj (CpuTimer2RegsFile)

PieCtrlRegsFile 
*          1    00000ce0    0000001a     UNINITIALIZED
                  00000ce0    0000001a     F2806x_GlobalVariableDefs.obj (PieCtrlRegsFile)

PieVectTableFile 
*          1    00000d00    00000100     UNINITIALIZED
                  00000d00    00000100     F2806x_GlobalVariableDefs.obj (PieVectTableFile)

EmuKeyVar 
*          1    00000d00    00000001     UNINITIALIZED
                  00000d00    00000001     F2806x_GlobalVariableDefs.obj (EmuKeyVar)

EmuBModeVar 
*          1    00000d01    00000001     UNINITIALIZED
                  00000d01    00000001     F2806x_GlobalVariableDefs.obj (EmuBModeVar)

FlashCallbackVar 
*          1    00000d02    00000002     UNINITIALIZED
                  00000d02    00000002     F2806x_GlobalVariableDefs.obj (FlashCallbackVar)

FlashScalingVar 
*          1    00000d04    00000002     UNINITIALIZED
                  00000d04    00000002     F2806x_GlobalVariableDefs.obj (FlashScalingVar)

DmaRegsFile 
*          1    00001000    000000e0     UNINITIALIZED
                  00001000    000000e0     F2806x_GlobalVariableDefs.obj (DmaRegsFile)

Cla1RegsFile 
*          1    00001400    00000040     UNINITIALIZED
                  00001400    00000040     F2806x_GlobalVariableDefs.obj (Cla1RegsFile)

Usb0RegsFile 
*          1    00004000    00000454     UNINITIALIZED
                  00004000    00000454     F2806x_GlobalVariableDefs.obj (Usb0RegsFile)

McbspaRegsFile 
*          1    00005000    00000024     UNINITIALIZED
                  00005000    00000024     F2806x_GlobalVariableDefs.obj (McbspaRegsFile)

ECanaRegsFile 
*          1    00006000    00000034     UNINITIALIZED
                  00006000    00000034     F2806x_GlobalVariableDefs.obj (ECanaRegsFile)

ECanaLAMRegsFile 
*          1    00006040    00000040     UNINITIALIZED
                  00006040    00000040     F2806x_GlobalVariableDefs.obj (ECanaLAMRegsFile)

ECanaMOTSRegsFile 
*          1    00006080    00000040     UNINITIALIZED
                  00006080    00000040     F2806x_GlobalVariableDefs.obj (ECanaMOTSRegsFile)

ECanaMOTORegsFile 
*          1    000060c0    00000040     UNINITIALIZED
                  000060c0    00000040     F2806x_GlobalVariableDefs.obj (ECanaMOTORegsFile)

ECanaMboxesFile 
*          1    00006100    00000100     UNINITIALIZED
                  00006100    00000100     F2806x_GlobalVariableDefs.obj (ECanaMboxesFile)

Comp1RegsFile 
*          1    00006400    00000014     UNINITIALIZED
                  00006400    00000014     F2806x_GlobalVariableDefs.obj (Comp1RegsFile)

Comp2RegsFile 
*          1    00006420    00000014     UNINITIALIZED
                  00006420    00000014     F2806x_GlobalVariableDefs.obj (Comp2RegsFile)

Comp3RegsFile 
*          1    00006440    00000014     UNINITIALIZED
                  00006440    00000014     F2806x_GlobalVariableDefs.obj (Comp3RegsFile)

EPwm1RegsFile 
*          1    00006800    00000040     UNINITIALIZED
                  00006800    00000040     F2806x_GlobalVariableDefs.obj (EPwm1RegsFile)

EPwm2RegsFile 
*          1    00006840    00000040     UNINITIALIZED
                  00006840    00000040     F2806x_GlobalVariableDefs.obj (EPwm2RegsFile)

EPwm3RegsFile 
*          1    00006880    00000040     UNINITIALIZED
                  00006880    00000040     F2806x_GlobalVariableDefs.obj (EPwm3RegsFile)

EPwm4RegsFile 
*          1    000068c0    00000040     UNINITIALIZED
                  000068c0    00000040     F2806x_GlobalVariableDefs.obj (EPwm4RegsFile)

EPwm5RegsFile 
*          1    00006900    00000040     UNINITIALIZED
                  00006900    00000040     F2806x_GlobalVariableDefs.obj (EPwm5RegsFile)

EPwm6RegsFile 
*          1    00006940    00000040     UNINITIALIZED
                  00006940    00000040     F2806x_GlobalVariableDefs.obj (EPwm6RegsFile)

EPwm7RegsFile 
*          1    00006980    00000040     UNINITIALIZED
                  00006980    00000040     F2806x_GlobalVariableDefs.obj (EPwm7RegsFile)

EPwm8RegsFile 
*          1    000069c0    00000040     UNINITIALIZED
                  000069c0    00000040     F2806x_GlobalVariableDefs.obj (EPwm8RegsFile)

ECap1RegsFile 
*          1    00006a00    00000020     UNINITIALIZED
                  00006a00    00000020     F2806x_GlobalVariableDefs.obj (ECap1RegsFile)

ECap2RegsFile 
*          1    00006a20    00000020     UNINITIALIZED
                  00006a20    00000020     F2806x_GlobalVariableDefs.obj (ECap2RegsFile)

ECap3RegsFile 
*          1    00006a40    00000020     UNINITIALIZED
                  00006a40    00000020     F2806x_GlobalVariableDefs.obj (ECap3RegsFile)

HRCap1RegsFile 
*          1    00006ac0    00000020     UNINITIALIZED
                  00006ac0    00000020     F2806x_GlobalVariableDefs.obj (HRCap1RegsFile)

HRCap2RegsFile 
*          1    00006ae0    00000020     UNINITIALIZED
                  00006ae0    00000020     F2806x_GlobalVariableDefs.obj (HRCap2RegsFile)

EQep1RegsFile 
*          1    00006b00    00000022     UNINITIALIZED
                  00006b00    00000022     F2806x_GlobalVariableDefs.obj (EQep1RegsFile)

EQep2RegsFile 
*          1    00006b40    00000022     UNINITIALIZED
                  00006b40    00000022     F2806x_GlobalVariableDefs.obj (EQep2RegsFile)

HRCap3RegsFile 
*          1    00006c80    00000020     UNINITIALIZED
                  00006c80    00000020     F2806x_GlobalVariableDefs.obj (HRCap3RegsFile)

HRCap4RegsFile 
*          1    00006ca0    00000020     UNINITIALIZED
                  00006ca0    00000020     F2806x_GlobalVariableDefs.obj (HRCap4RegsFile)

GpioCtrlRegsFile 
*          1    00006f80    00000040     UNINITIALIZED
                  00006f80    00000040     F2806x_GlobalVariableDefs.obj (GpioCtrlRegsFile)

GpioDataRegsFile 
*          1    00006fc0    00000020     UNINITIALIZED
                  00006fc0    00000020     F2806x_GlobalVariableDefs.obj (GpioDataRegsFile)

GpioIntRegsFile 
*          1    00006fe0    00000020     UNINITIALIZED
                  00006fe0    00000020     F2806x_GlobalVariableDefs.obj (GpioIntRegsFile)

SysCtrlRegsFile 
*          1    00007010    00000030     UNINITIALIZED
                  00007010    00000030     F2806x_GlobalVariableDefs.obj (SysCtrlRegsFile)

SpiaRegsFile 
*          1    00007040    00000010     UNINITIALIZED
                  00007040    00000010     F2806x_GlobalVariableDefs.obj (SpiaRegsFile)

SciaRegsFile 
*          1    00007050    00000010     UNINITIALIZED
                  00007050    00000010     F2806x_GlobalVariableDefs.obj (SciaRegsFile)

NmiIntruptRegsFile 
*          1    00007060    00000010     UNINITIALIZED
                  00007060    00000010     F2806x_GlobalVariableDefs.obj (NmiIntruptRegsFile)

XIntruptRegsFile 
*          1    00007070    00000010     UNINITIALIZED
                  00007070    00000010     F2806x_GlobalVariableDefs.obj (XIntruptRegsFile)

AdcRegsFile 
*          1    00007100    00000050     UNINITIALIZED
                  00007100    00000050     F2806x_GlobalVariableDefs.obj (AdcRegsFile)

SpibRegsFile 
*          1    00007740    00000010     UNINITIALIZED
                  00007740    00000010     F2806x_GlobalVariableDefs.obj (SpibRegsFile)

ScibRegsFile 
*          1    00007750    00000010     UNINITIALIZED
                  00007750    00000010     F2806x_GlobalVariableDefs.obj (ScibRegsFile)

I2caRegsFile 
*          1    00007900    00000022     UNINITIALIZED
                  00007900    00000022     F2806x_GlobalVariableDefs.obj (I2caRegsFile)

PartIdRegsFile 
*          1    003d7e80    00000001     UNINITIALIZED
                  003d7e80    00000001     F2806x_GlobalVariableDefs.obj (PartIdRegsFile)

CsmPwlFile 
*          1    003f7ff8    00000008     UNINITIALIZED
                  003f7ff8    00000008     F2806x_GlobalVariableDefs.obj (CsmPwlFile)

.cinit     0    003f63e4    00000058     
                  003f63e4    0000003e     Target28069_Blink.obj (.cinit)
                  003f6422    0000000e     rts2800_fpu32.lib : exit.obj (.cinit)
                  003f6430    00000005                       : _lock.obj (.cinit:__lock)
                  003f6435    00000005                       : _lock.obj (.cinit:__unlock)
                  003f643a    00000002     --HOLE-- [fill = 0]

.pinit     0    003f4000    00000000     UNINITIALIZED

.text      0    003f4000    000022f0     
                  003f4000    0000062a     pil_c28_fpu32.lib : probes.obj (.text)
                  003f462a    00000307                       : pil.obj (.text)
                  003f4931    0000026b                       : scope.obj (.text)
                  003f4b9c    00000239                       : remoteagent.obj (.text)
                  003f4dd5    00000230                       : seriallink.obj (.text)
                  003f5005    00000210                       : basicservices.obj (.text)
                  003f5215    00000202     pwm_2806x.obj (.text)
                  003f5417    000001fa     dispatcher_2806x.obj (.text)
                  003f5611    000001d7     hal_2806x.obj (.text)
                  003f57e8    000001b3     Target28069_Blink.obj (.text)
                  003f599b    0000014a     power.obj (.text)
                  003f5ae5    0000012f     ain_2806x.obj (.text)
                  003f5c14    000000e9     F2806x_DevInit.obj (.text)
                  003f5cfd    000000b0     dispatcher_2806x.obj (.text:retain)
                  003f5dad    000000a6     qep_2806x.obj (.text)
                  003f5e53    00000094     dio_2806x.obj (.text)
                  003f5ee7    00000088     rts2800_fpu32.lib : fs_div.obj (.text)
                  003f5f6f    00000084     main.obj (.text)
                  003f5ff3    0000007d     sci.obj (.text)
                  003f6070    00000066     pil_c28_fpu32.lib : ringbuf.obj (.text)
                  003f60d6    00000059     rts2800_fpu32.lib : s_floorf.obj (.text)
                  003f612f    00000056                       : boot.obj (.text)
                  003f6185    0000004c     gatedriver_rtbox.obj (.text)
                  003f61d1    00000046     rts2800_fpu32.lib : cpy_tbl.obj (.text)
                  003f6217    0000003e     pil_ctrl.obj (.text)
                  003f6255    00000029     rts2800_fpu32.lib : exit.obj (.text)
                  003f627e    0000001a                       : cpy_utils.obj (.text)
                  003f6298    00000019                       : args_main.obj (.text)
                  003f62b1    00000011     Target28069_Blink_0.obj (.text)
                  003f62c2    0000000a     F2806x_DevInit.obj (.text:retain)
                  003f62cc    00000009     rts2800_fpu32.lib : _lock.obj (.text)
                  003f62d5    00000008     F2806x_CodeStartBranch.obj (.text)
                  003f62dd    00000007     pil_c28_fpu32.lib : pil_f28x_dis_int.obj (.text)
                  003f62e4    00000006     pil_symbols_c.obj (.text)
                  003f62ea    00000003     calib.obj (.text)
                  003f62ed    00000002     rts2800_fpu32.lib : pre_init.obj (.text)
                  003f62ef    00000001                       : startup.obj (.text)

codestart 
*          0    003f7ff6    00000002     
                  003f7ff6    00000002     F2806x_CodeStartBranch.obj (codestart)

.stack     1    00000050    00000300     UNINITIALIZED
                  00000050    00000300     --HOLE--

.ebss      1    00008002    00000616     UNINITIALIZED
                  00008002    00000028     dispatcher_2806x.obj (.ebss)
                  0000802a    00000006     pwm_2806x.obj (.ebss)
                  00008030    00000006     rts2800_fpu32.lib : exit.obj (.ebss)
                  00008036    00000002                       : _lock.obj (.ebss:__lock)
                  00008038    00000002                       : _lock.obj (.ebss:__unlock)
                  0000803a    00000001     calib.obj (.ebss)
                  0000803b    00000001     pu.obj (.ebss)
                  0000803c    00000004     --HOLE--
                  00008040    000003a0     pil_c28_fpu32.lib : pil.obj (.ebss)
                  000083e0    0000001c     power.obj (.ebss)
                  000083fc    00000004     --HOLE--
                  00008400    00000146     hal_2806x.obj (.ebss)
                  00008546    00000024     main.obj (.ebss)
                  0000856a    00000016     --HOLE--
                  00008580    00000074     Target28069_Blink.obj (.ebss)
                  000085f4    0000000c     --HOLE--
                  00008600    00000018     dio_2806x.obj (.ebss)

.econst    0    003f6310    000000d4     
                  003f6310    0000006a     Target28069_Blink.obj (.econst:.string)
                  003f637a    00000019     pil_symbols_c.obj (.econst:.string:_PIL_D_CompiledDate)
                  003f6393    00000001     --HOLE-- [fill = 0]
                  003f6394    00000018     main.obj (.econst:.string)
                  003f63ac    00000010     pil_c28_fpu32.lib : seriallink.obj (.econst:_PIL_SLINK_crc16Lookup)
                  003f63bc    0000000e     pil_symbols_c.obj (.econst:.string:_PIL_D_FirmwareDescription)
                  003f63ca    00000008     pil_symbols_c.obj (.econst:.string:_PIL_D_Guid)
                  003f63d2    00000005     pil_symbols_c.obj (.econst:.string:_PIL_D_CompiledBy)
                  003f63d7    00000001     --HOLE-- [fill = 0]
                  003f63d8    00000004     Target28069_Blink.obj (.econst)
                  003f63dc    00000004     pil_symbols_c.obj (.econst:retain)
                  003f63e0    00000002     Target28069_Blink.obj (.econst:_Target28069_Blink_taskPeriod)
                  003f63e2    00000002     rts2800_fpu32.lib : s_floorf.obj (.econst)

.reset     0    003fffc0    00000002     DSECT
                  003fffc0    00000002     rts2800_fpu32.lib : boot.obj (.reset)

vectors    0    003fffc2    00000000     DSECT

.csconf    2    00000000    00000218     COPY SECTION
                  00000000    00000001     pil_symbols_p.obj (.econst:retain)
                  00000001    00000001     --HOLE--
                  00000002    00000006     pil_symbols_p.obj (.econst:_PIL_V_PWR_SHandle_calibsAreDirty)
                  00000008    00000006     pil_symbols_p.obj (.econst:_PIL_V_Calibs_dummy)
                  0000000e    00000006     pil_symbols_p.obj (.econst:_PIL_V_PWR_SHandle_gatesActive)
                  00000014    00000006     pil_symbols_p.obj (.econst:_PIL_V_PWR_SHandle_enableReq)
                  0000001a    00000006     pil_symbols_p.obj (.econst:_PIL_V_PWR_SHandle_errorCode)
                  00000020    00000006     pil_symbols_p.obj (.econst:_PIL_V_GdrvObj_drvStat4)
                  00000026    00000006     pil_symbols_p.obj (.econst:_PIL_V_GdrvObj_drvCtrl1)
                  0000002c    00000006     pil_symbols_p.obj (.econst:_PIL_V_GdrvObj_drvStat3)
                  00000032    00000006     pil_symbols_p.obj (.econst:_PIL_V_GdrvObj_drvStat1)
                  00000038    00000006     pil_symbols_p.obj (.econst:_PIL_V_GdrvObj_drvStat2)
                  0000003e    00000006     pil_symbols_p.obj (.econst:_PIL_V_PWR_SHandle_gdrvStatus)
                  00000044    00000006     pil_symbols_p.obj (.econst:_PIL_V_PWR_SHandle_gdrvHandle_drvCtrl9)
                  0000004a    00000006     pil_symbols_p.obj (.econst:_PIL_V_PWR_SHandle_gdrvHandle_drvCtrlA)
                  00000050    00000006     pil_symbols_p.obj (.econst:_PIL_V_PWR_SHandle_gdrvHandle_drvCtrl7)
                  00000056    00000006     pil_symbols_p.obj (.econst:_PIL_V_PWR_SHandle_gdrvHandle_drvCtrl5)
                  0000005c    00000006     pil_symbols_p.obj (.econst:_PIL_V_PWR_SHandle_gdrvHandle_drvCtrl6)
                  00000062    00000006     pil_symbols_p.obj (.econst:_PIL_V_PWR_SHandle_state)
                  00000068    00000006     pil_symbols_p.obj (.econst:_PIL_V_PWR_SHandle_gdrvInitReq)
                  0000006e    00000006     pil_symbols_p.obj (.econst:_PIL_V_PWR_SHandle_pilMode)
                  00000074    00000006     pil_symbols_p.obj (.econst:_PIL_V_PWR_SHandle_gdrvHandle_drvCtrlB)
                  0000007a    00000006     pil_symbols_p.obj (.econst:_PIL_V_PWR_SHandle_gdrvHandle_drvCtrlC)
                  00000080    00000006     pil_symbols_p.obj (.econst:_PIL_V_GdrvHandle_drvCtrl5)
                  00000086    00000006     pil_symbols_p.obj (.econst:_PIL_V_GdrvHandle_drvCtrl6)
                  0000008c    00000006     pil_symbols_p.obj (.econst:_PIL_V_GdrvHandle_drvCtrl2)
                  00000092    00000006     pil_symbols_p.obj (.econst:_PIL_V_GdrvHandle_drvStat4)
                  00000098    00000006     pil_symbols_p.obj (.econst:_PIL_V_GdrvHandle_drvCtrl1)
                  0000009e    00000006     pil_symbols_p.obj (.econst:_PIL_V_GdrvHandle_drvCtrlB)
                  000000a4    00000006     pil_symbols_p.obj (.econst:_PIL_V_GdrvHandle_drvCtrlC)
                  000000aa    00000006     pil_symbols_p.obj (.econst:_PIL_V_GdrvHandle_drvCtrlA)
                  000000b0    00000006     pil_symbols_p.obj (.econst:_PIL_V_GdrvHandle_drvCtrl7)
                  000000b6    00000006     pil_symbols_p.obj (.econst:_PIL_V_GdrvHandle_drvCtrl9)
                  000000bc    00000006     pil_symbols_p.obj (.econst:_PIL_V_GdrvHandle_drvStat3)
                  000000c2    00000006     pil_symbols_p.obj (.econst:_PIL_V_GdrvObj_drvCtrl7)
                  000000c8    00000006     pil_symbols_p.obj (.econst:_PIL_V_GdrvObj_drvCtrl9)
                  000000ce    00000006     pil_symbols_p.obj (.econst:_PIL_V_GdrvObj_drvCtrl6)
                  000000d4    00000006     pil_symbols_p.obj (.econst:_PIL_V_GdrvObj_drvCtrl2)
                  000000da    00000006     pil_symbols_p.obj (.econst:_PIL_V_GdrvObj_drvCtrl5)
                  000000e0    00000006     pil_symbols_p.obj (.econst:_PIL_V_GdrvHandle_drvStat1)
                  000000e6    00000006     pil_symbols_p.obj (.econst:_PIL_V_GdrvHandle_drvStat2)
                  000000ec    00000006     pil_symbols_p.obj (.econst:_PIL_V_GdrvObj_drvCtrlC)
                  000000f2    00000006     pil_symbols_p.obj (.econst:_PIL_V_GdrvObj_drvCtrlA)
                  000000f8    00000006     pil_symbols_p.obj (.econst:_PIL_V_GdrvObj_drvCtrlB)
                  000000fe    00000006     pil_symbols_p.obj (.econst:_PIL_V_PWR_SHandle_gdrvHandle_drvCtrl2)
                  00000104    00000006     pil_symbols_p.obj (.econst:_PIL_V_DisprHandle_thisCntdownTimestamp2)
                  0000010a    00000006     pil_symbols_p.obj (.econst:_PIL_V_DisprHandle_cntdownTimestamp1)
                  00000110    00000006     pil_symbols_p.obj (.econst:_PIL_V_DisprHandle_thisCntdownTimestamp1)
                  00000116    00000006     pil_symbols_p.obj (.econst:_PIL_V_DisprHandle_ctrlPeriod)
                  0000011c    00000006     pil_symbols_p.obj (.econst:_PIL_V_DisprHandle_thisCntdownTimestamp0)
                  00000122    00000006     pil_symbols_p.obj (.econst:_PIL_V_DisprObj_cntdownTimestamp2)
                  00000128    00000006     pil_symbols_p.obj (.econst:_PIL_V_PWR_SObj_gdrvHandle_drvStat4)
                  0000012e    00000006     pil_symbols_p.obj (.econst:_PIL_V_PWR_SObj_gdrvHandle_drvCtrl1)
                  00000134    00000006     pil_symbols_p.obj (.econst:_PIL_V_PWR_SObj_gdrvHandle_drvStat3)
                  0000013a    00000006     pil_symbols_p.obj (.econst:_PIL_V_PWR_SObj_gdrvHandle_drvStat1)
                  00000140    00000006     pil_symbols_p.obj (.econst:_PIL_V_PWR_SObj_gdrvHandle_drvStat2)
                  00000146    00000006     pil_symbols_p.obj (.econst:_PIL_V_PWM_SObj_cmp_CMP5)
                  0000014c    00000006     pil_symbols_p.obj (.econst:_PIL_V_PWM_SObj_cmp_CMP6)
                  00000152    00000006     pil_symbols_p.obj (.econst:_PIL_V_PWM_SObj_cmp_CMP4)
                  00000158    00000006     pil_symbols_p.obj (.econst:_PIL_V_PWM_SObj_cmp_CMP2)
                  0000015e    00000006     pil_symbols_p.obj (.econst:_PIL_V_PWM_SObj_cmp_CMP3)
                  00000164    00000006     pil_symbols_p.obj (.econst:_PIL_V_PWM_SObj_cmp_CMP1)
                  0000016a    00000006     pil_symbols_p.obj (.econst:_PIL_V_DisprObj_cntdownTimestamp1)
                  00000170    00000006     pil_symbols_p.obj (.econst:_PIL_V_DisprHandle_cntdownTimestamp2)
                  00000176    00000006     pil_symbols_p.obj (.econst:_PIL_V_DisprObj_thisCntdownTimestamp2)
                  0000017c    00000006     pil_symbols_p.obj (.econst:_PIL_V_DisprObj_thisCntdownTimestamp0)
                  00000182    00000006     pil_symbols_p.obj (.econst:_PIL_V_DisprObj_thisCntdownTimestamp1)
                  00000188    00000006     pil_symbols_p.obj (.econst:_PIL_V_PWR_SObj_errorCode)
                  0000018e    00000006     pil_symbols_p.obj (.econst:_PIL_V_PWR_SObj_gatesActive)
                  00000194    00000006     pil_symbols_p.obj (.econst:_PIL_V_PWR_SObj_enableReq)
                  0000019a    00000006     pil_symbols_p.obj (.econst:_PIL_V_PWR_SObj_gdrvInitReq)
                  000001a0    00000006     pil_symbols_p.obj (.econst:_PIL_V_PWR_SObj_gdrvStatus)
                  000001a6    00000006     pil_symbols_p.obj (.econst:_PIL_V_PWR_SObj_state)
                  000001ac    00000006     pil_symbols_p.obj (.econst:_PIL_V_PWR_SHandle_gdrvHandle_drvStat4)
                  000001b2    00000006     pil_symbols_p.obj (.econst:_PIL_V_PWR_SHandle_gdrvHandle_drvCtrl1)
                  000001b8    00000006     pil_symbols_p.obj (.econst:_PIL_V_PWR_SHandle_gdrvHandle_drvStat3)
                  000001be    00000006     pil_symbols_p.obj (.econst:_PIL_V_PWR_SHandle_gdrvHandle_drvStat1)
                  000001c4    00000006     pil_symbols_p.obj (.econst:_PIL_V_PWR_SHandle_gdrvHandle_drvStat2)
                  000001ca    00000006     pil_symbols_p.obj (.econst:_PIL_V_DisprObj_ctrlPeriod)
                  000001d0    00000006     pil_symbols_p.obj (.econst:_PIL_V_PWR_SObj_gdrvHandle_drvCtrl9)
                  000001d6    00000006     pil_symbols_p.obj (.econst:_PIL_V_PWR_SObj_gdrvHandle_drvCtrl7)
                  000001dc    00000006     pil_symbols_p.obj (.econst:_PIL_V_PWR_SObj_gdrvHandle_drvCtrl5)
                  000001e2    00000006     pil_symbols_p.obj (.econst:_PIL_V_PWR_SObj_gdrvHandle_drvCtrl6)
                  000001e8    00000006     pil_symbols_p.obj (.econst:_PIL_V_PWR_SObj_pilMode)
                  000001ee    00000006     pil_symbols_p.obj (.econst:_PIL_V_PWR_SObj_calibsAreDirty)
                  000001f4    00000006     pil_symbols_p.obj (.econst:_PIL_V_PWR_SObj_gdrvHandle_drvCtrlC)
                  000001fa    00000006     pil_symbols_p.obj (.econst:_PIL_V_PWR_SObj_gdrvHandle_drvCtrlA)
                  00000200    00000006     pil_symbols_p.obj (.econst:_PIL_V_PWR_SObj_gdrvHandle_drvCtrlB)
                  00000206    00000006     pil_symbols_p.obj (.econst:_PIL_V_PWR_SObj_gdrvHandle_drvCtrl2)
                  0000020c    00000008     pil_symbols_p.obj (.econst:_PIL_WA_Calibs_dummy)
                  00000214    00000004     pil_symbols_p.obj (.econst:.string)

MODULE SUMMARY

       Module                          code   ro data   rw data
       ------                          ----   -------   -------
    ./output/
       F2806x_GlobalVariableDefs.obj   0      0         3550   
       hal_2806x.obj                   471    0         326    
       Target28069_Blink.obj           435    0         290    
       dispatcher_2806x.obj            682    0         40     
       pwm_2806x.obj                   514    0         6      
       power.obj                       330    0         28     
       ain_2806x.obj                   303    0         0      
       F2806x_DevInit.obj              297    0         0      
       main.obj                        132    0         60     
       dio_2806x.obj                   148    0         24     
       qep_2806x.obj                   166    0         0      
       sci.obj                         125    0         0      
       gatedriver_rtbox.obj            76     0         0      
       pil_ctrl.obj                    62     0         0      
       pil_symbols_c.obj               6      0         56     
       Target28069_Blink_0.obj         17     0         0      
       F2806x_CodeStartBranch.obj      10     0         0      
       F2806x_usDelay.obj              8      0         0      
       calib.obj                       3      0         1      
       pu.obj                          0      0         1      
    +--+-------------------------------+------+---------+---------+
       Total:                          3785   0         4382   
                                                               
    /Users/beat/Desktop/Work/plecscoder/lua/TI_F2806x/bin/mac/c2000/LIB/rts2800_fpu32.lib
       fs_div.obj                      136    0         0      
       s_floorf.obj                    89     0         2      
       boot.obj                        86     0         0      
       cpy_tbl.obj                     70     0         0      
       exit.obj                        41     0         20     
       cpy_utils.obj                   26     0         0      
       args_main.obj                   25     0         0      
       _lock.obj                       9      0         14     
       pre_init.obj                    2      0         0      
       startup.obj                     1      0         0      
    +--+-------------------------------+------+---------+---------+
       Total:                          485    0         36     
                                                               
    /Users/beat/Desktop/Work/plecscoder/lua/TI_F2806x/pil/pil_c28_fpu32.lib
       pil.obj                         775    0         928    
       probes.obj                      1578   0         0      
       scope.obj                       619    0         0      
       seriallink.obj                  560    0         16     
       remoteagent.obj                 569    0         0      
       basicservices.obj               528    0         0      
       ringbuf.obj                     102    0         0      
       pil_f28x_dis_int.obj            7      0         0      
    +--+-------------------------------+------+---------+---------+
       Total:                          4738   0         944    
                                                               
       Stack:                          0      0         768    
    +--+-------------------------------+------+---------+---------+
       Grand Total:                    9008   0         6130   


GLOBAL DATA SYMBOLS: SORTED BY DATA PAGE

address     data page           name
--------    ----------------    ----
00000000       0 (00000000)     _PIL_C_ProcessorPartNumber
00000002       0 (00000000)     _PIL_V_PWR_SHandle_calibsAreDirty
00000008       0 (00000000)     _PIL_V_Calibs_dummy
0000000e       0 (00000000)     _PIL_V_PWR_SHandle_gatesActive
00000014       0 (00000000)     _PIL_V_PWR_SHandle_enableReq
0000001a       0 (00000000)     _PIL_V_PWR_SHandle_errorCode
00000020       0 (00000000)     _PIL_V_GdrvObj_drvStat4
00000026       0 (00000000)     _PIL_V_GdrvObj_drvCtrl1
0000002c       0 (00000000)     _PIL_V_GdrvObj_drvStat3
00000032       0 (00000000)     _PIL_V_GdrvObj_drvStat1
00000038       0 (00000000)     _PIL_V_GdrvObj_drvStat2
0000003e       0 (00000000)     _PIL_V_PWR_SHandle_gdrvStatus

00000044       1 (00000040)     _PIL_V_PWR_SHandle_gdrvHandle_drvCtrl9
0000004a       1 (00000040)     _PIL_V_PWR_SHandle_gdrvHandle_drvCtrlA
00000050       1 (00000040)     _PIL_V_PWR_SHandle_gdrvHandle_drvCtrl7
00000050       1 (00000040)     __stack
00000056       1 (00000040)     _PIL_V_PWR_SHandle_gdrvHandle_drvCtrl5
0000005c       1 (00000040)     _PIL_V_PWR_SHandle_gdrvHandle_drvCtrl6
00000062       1 (00000040)     _PIL_V_PWR_SHandle_state
00000068       1 (00000040)     _PIL_V_PWR_SHandle_gdrvInitReq
0000006e       1 (00000040)     _PIL_V_PWR_SHandle_pilMode
00000074       1 (00000040)     _PIL_V_PWR_SHandle_gdrvHandle_drvCtrlB
0000007a       1 (00000040)     _PIL_V_PWR_SHandle_gdrvHandle_drvCtrlC

00000080       2 (00000080)     _PIL_V_GdrvHandle_drvCtrl5
00000086       2 (00000080)     _PIL_V_GdrvHandle_drvCtrl6
0000008c       2 (00000080)     _PIL_V_GdrvHandle_drvCtrl2
00000092       2 (00000080)     _PIL_V_GdrvHandle_drvStat4
00000098       2 (00000080)     _PIL_V_GdrvHandle_drvCtrl1
0000009e       2 (00000080)     _PIL_V_GdrvHandle_drvCtrlB
000000a4       2 (00000080)     _PIL_V_GdrvHandle_drvCtrlC
000000aa       2 (00000080)     _PIL_V_GdrvHandle_drvCtrlA
000000b0       2 (00000080)     _PIL_V_GdrvHandle_drvCtrl7
000000b6       2 (00000080)     _PIL_V_GdrvHandle_drvCtrl9
000000bc       2 (00000080)     _PIL_V_GdrvHandle_drvStat3

000000c2       3 (000000c0)     _PIL_V_GdrvObj_drvCtrl7
000000c8       3 (000000c0)     _PIL_V_GdrvObj_drvCtrl9
000000ce       3 (000000c0)     _PIL_V_GdrvObj_drvCtrl6
000000d4       3 (000000c0)     _PIL_V_GdrvObj_drvCtrl2
000000da       3 (000000c0)     _PIL_V_GdrvObj_drvCtrl5
000000e0       3 (000000c0)     _PIL_V_GdrvHandle_drvStat1
000000e6       3 (000000c0)     _PIL_V_GdrvHandle_drvStat2
000000ec       3 (000000c0)     _PIL_V_GdrvObj_drvCtrlC
000000f2       3 (000000c0)     _PIL_V_GdrvObj_drvCtrlA
000000f8       3 (000000c0)     _PIL_V_GdrvObj_drvCtrlB
000000fe       3 (000000c0)     _PIL_V_PWR_SHandle_gdrvHandle_drvCtrl2

00000104       4 (00000100)     _PIL_V_DisprHandle_thisCntdownTimestamp2
0000010a       4 (00000100)     _PIL_V_DisprHandle_cntdownTimestamp1
00000110       4 (00000100)     _PIL_V_DisprHandle_thisCntdownTimestamp1
00000116       4 (00000100)     _PIL_V_DisprHandle_ctrlPeriod
0000011c       4 (00000100)     _PIL_V_DisprHandle_thisCntdownTimestamp0
00000122       4 (00000100)     _PIL_V_DisprObj_cntdownTimestamp2
00000128       4 (00000100)     _PIL_V_PWR_SObj_gdrvHandle_drvStat4
0000012e       4 (00000100)     _PIL_V_PWR_SObj_gdrvHandle_drvCtrl1
00000134       4 (00000100)     _PIL_V_PWR_SObj_gdrvHandle_drvStat3
0000013a       4 (00000100)     _PIL_V_PWR_SObj_gdrvHandle_drvStat1

00000140       5 (00000140)     _PIL_V_PWR_SObj_gdrvHandle_drvStat2
00000146       5 (00000140)     _PIL_V_PWM_SObj_cmp_CMP5
0000014c       5 (00000140)     _PIL_V_PWM_SObj_cmp_CMP6
00000152       5 (00000140)     _PIL_V_PWM_SObj_cmp_CMP4
00000158       5 (00000140)     _PIL_V_PWM_SObj_cmp_CMP2
0000015e       5 (00000140)     _PIL_V_PWM_SObj_cmp_CMP3
00000164       5 (00000140)     _PIL_V_PWM_SObj_cmp_CMP1
0000016a       5 (00000140)     _PIL_V_DisprObj_cntdownTimestamp1
00000170       5 (00000140)     _PIL_V_DisprHandle_cntdownTimestamp2
00000176       5 (00000140)     _PIL_V_DisprObj_thisCntdownTimestamp2
0000017c       5 (00000140)     _PIL_V_DisprObj_thisCntdownTimestamp0

00000182       6 (00000180)     _PIL_V_DisprObj_thisCntdownTimestamp1
00000188       6 (00000180)     _PIL_V_PWR_SObj_errorCode
0000018e       6 (00000180)     _PIL_V_PWR_SObj_gatesActive
00000194       6 (00000180)     _PIL_V_PWR_SObj_enableReq
0000019a       6 (00000180)     _PIL_V_PWR_SObj_gdrvInitReq
000001a0       6 (00000180)     _PIL_V_PWR_SObj_gdrvStatus
000001a6       6 (00000180)     _PIL_V_PWR_SObj_state
000001ac       6 (00000180)     _PIL_V_PWR_SHandle_gdrvHandle_drvStat4
000001b2       6 (00000180)     _PIL_V_PWR_SHandle_gdrvHandle_drvCtrl1
000001b8       6 (00000180)     _PIL_V_PWR_SHandle_gdrvHandle_drvStat3
000001be       6 (00000180)     _PIL_V_PWR_SHandle_gdrvHandle_drvStat1

000001c4       7 (000001c0)     _PIL_V_PWR_SHandle_gdrvHandle_drvStat2
000001ca       7 (000001c0)     _PIL_V_DisprObj_ctrlPeriod
000001d0       7 (000001c0)     _PIL_V_PWR_SObj_gdrvHandle_drvCtrl9
000001d6       7 (000001c0)     _PIL_V_PWR_SObj_gdrvHandle_drvCtrl7
000001dc       7 (000001c0)     _PIL_V_PWR_SObj_gdrvHandle_drvCtrl5
000001e2       7 (000001c0)     _PIL_V_PWR_SObj_gdrvHandle_drvCtrl6
000001e8       7 (000001c0)     _PIL_V_PWR_SObj_pilMode
000001ee       7 (000001c0)     _PIL_V_PWR_SObj_calibsAreDirty
000001f4       7 (000001c0)     _PIL_V_PWR_SObj_gdrvHandle_drvCtrlC
000001fa       7 (000001c0)     _PIL_V_PWR_SObj_gdrvHandle_drvCtrlA

00000200       8 (00000200)     _PIL_V_PWR_SObj_gdrvHandle_drvCtrlB
00000206       8 (00000200)     _PIL_V_PWR_SObj_gdrvHandle_drvCtrl2
0000020c       8 (00000200)     _PIL_WA_Calibs_dummy

00000880      22 (00000880)     _DevEmuRegs

00000985      26 (00000980)     _SysPwrCtrlRegs

00000a80      2a (00000a80)     _FlashRegs

00000ae0      2b (00000ac0)     _CsmRegs

00000b00      2c (00000b00)     _AdcResult

00000c00      30 (00000c00)     _CpuTimer0Regs
00000c08      30 (00000c00)     _CpuTimer1Regs
00000c10      30 (00000c00)     _CpuTimer2Regs

00000ce0      33 (00000cc0)     _PieCtrlRegs

00000d00      34 (00000d00)     _EmuKey
00000d00      34 (00000d00)     _PieVectTable
00000d01      34 (00000d00)     _EmuBMode
00000d02      34 (00000d00)     _Flash_CallbackPtr
00000d04      34 (00000d00)     _Flash_CPUScaleFactor

00001000      40 (00001000)     _DmaRegs

00001400      50 (00001400)     _Cla1Regs

00004000     100 (00004000)     _Usb0Regs

00005000     140 (00005000)     _McbspaRegs

00006000     180 (00006000)     _ECanaRegs

00006040     181 (00006040)     _ECanaLAMRegs

00006080     182 (00006080)     _ECanaMOTSRegs

000060c0     183 (000060c0)     _ECanaMOTORegs

00006100     184 (00006100)     _ECanaMboxes

00006400     190 (00006400)     _Comp1Regs
00006420     190 (00006400)     _Comp2Regs

00006440     191 (00006440)     _Comp3Regs

00006800     1a0 (00006800)     _EPwm1Regs

00006840     1a1 (00006840)     _EPwm2Regs

00006880     1a2 (00006880)     _EPwm3Regs

000068c0     1a3 (000068c0)     _EPwm4Regs

00006900     1a4 (00006900)     _EPwm5Regs

00006940     1a5 (00006940)     _EPwm6Regs

00006980     1a6 (00006980)     _EPwm7Regs

000069c0     1a7 (000069c0)     _EPwm8Regs

00006a00     1a8 (00006a00)     _ECap1Regs
00006a20     1a8 (00006a00)     _ECap2Regs

00006a40     1a9 (00006a40)     _ECap3Regs

00006ac0     1ab (00006ac0)     _HRCap1Regs
00006ae0     1ab (00006ac0)     _HRCap2Regs

00006b00     1ac (00006b00)     _EQep1Regs

00006b40     1ad (00006b40)     _EQep2Regs

00006c80     1b2 (00006c80)     _HRCap3Regs
00006ca0     1b2 (00006c80)     _HRCap4Regs

00006f80     1be (00006f80)     _GpioCtrlRegs

00006fc0     1bf (00006fc0)     _GpioDataRegs
00006fe0     1bf (00006fc0)     _GpioIntRegs

00007010     1c0 (00007000)     _SysCtrlRegs

00007040     1c1 (00007040)     _SpiaRegs
00007050     1c1 (00007040)     _SciaRegs
00007060     1c1 (00007040)     _NmiIntruptRegs
00007070     1c1 (00007040)     _XIntruptRegs

00007100     1c4 (00007100)     _AdcRegs

00007740     1dd (00007740)     _SpibRegs
00007750     1dd (00007740)     _ScibRegs

00007900     1e4 (00007900)     _I2caRegs

00008002     200 (00008000)     _DisprHandle
00008004     200 (00008000)     _DisprObj
0000802a     200 (00008000)     _PWM_SObj
00008030     200 (00008000)     ___TI_enable_exit_profile_output
00008032     200 (00008000)     ___TI_cleanup_ptr
00008034     200 (00008000)     ___TI_dtors_ptr
00008036     200 (00008000)     __lock
00008038     200 (00008000)     __unlock
0000803a     200 (00008000)     _Calibs
0000803b     200 (00008000)     _PuVars

000083e2     20f (000083c0)     _PWR_SObj

00008400     210 (00008400)     _HAL_SObj

00008546     215 (00008540)     _GdrvHandle
00008548     215 (00008540)     _DoutDrvEnableObj
0000854e     215 (00008540)     _GdrvObj

0000859a     216 (00008580)     _Target28069_Blink_errorStatus
0000859e     216 (00008580)     _Target28069_Blink_X
000085a2     216 (00008580)     _Target28069_Blink_B

003d7e80    f5fa (003d7e80)     _PartIdRegs

003f637a    fd8d (003f6340)     _PIL_D_CompiledDate

003f63ac    fd8e (003f6380)     _PIL_SLINK_crc16Lookup
003f63bc    fd8e (003f6380)     _PIL_D_FirmwareDescription

003f63ca    fd8f (003f63c0)     _PIL_D_Guid
003f63d2    fd8f (003f63c0)     _PIL_D_CompiledBy
003f63d8    fd8f (003f63c0)     _Target28069_Blink_checksum
003f63da    fd8f (003f63c0)     _Target28069_Blink_sampleTime
003f63dc    fd8f (003f63c0)     _PIL_D_FrameworkVersion
003f63dd    fd8f (003f63c0)     _PIL_D_StationAddress
003f63de    fd8f (003f63c0)     _PIL_D_BaudRate

003f7ff8    fdff (003f7fc0)     _CsmPwl


GLOBAL SYMBOLS: SORTED ALPHABETICALLY BY Name 

page  address   name                                    
----  -------   ----                                    
0     003f4000  .text                                   
0     003f6255  C$$EXIT                                 
0     003f5ee7  FS$$DIV                                 
0     003f5b23  _AIN_configure                          
0     003f5bb3  _AIN_getIn                              
0     003f5b07  _AIN_getRegisterBase                    
0     003f5b1c  _AIN_init                               
0     003f5b6d  _AIN_resetChannelSetup                  
0     003f5b10  _AIN_setDefaultAdcParams                
0     003f5b63  _AIN_setDefaultChannelParams            
0     003f5b83  _AIN_setupChannel                       
0     003f5ae5  _AIN_sinit                              
1     00007100  _AdcRegs                                
1     00000b00  _AdcResult                              
1     0000803a  _Calibs                                 
1     00001400  _Cla1Regs                               
1     00006400  _Comp1Regs                              
1     00006420  _Comp2Regs                              
1     00006440  _Comp3Regs                              
1     00000c00  _CpuTimer0Regs                          
1     00000c08  _CpuTimer1Regs                          
1     00000c10  _CpuTimer2Regs                          
1     003f7ff8  _CsmPwl                                 
1     00000ae0  _CsmRegs                                
0     003f5e79  _DIO_configureIn                        
0     003f5e7e  _DIO_configureOut                       
0     003f5e72  _DIO_init                               
0     003f5e6a  _DIO_obtainDummyRead                    
0     003f5e67  _DIO_obtainDummyWrite                   
0     003f5e53  _DIO_sinit                              
0     003f5610  _DISPR_background                       
0     003f541f  _DISPR_configure                        
0     003f544c  _DISPR_powerupDelayIsActive             
0     003f550e  _DISPR_reset                            
0     003f5446  _DISPR_setPowerupDelayMs                
0     003f548c  _DISPR_setTriggerByAdcViaPwm            
0     003f5456  _DISPR_setTriggerByAdcViaTimer          
0     003f54ea  _DISPR_setTriggerByPwm                  
0     003f54ce  _DISPR_setTriggerByTimer                
0     003f5417  _DISPR_sinit                            
0     003f5514  _DISPR_start                            
0     003f55fe  _DISPR_stop                             
0     0000881b  _DSP28x_usDelay                         
1     00000880  _DevEmuRegs                             
0     003f5c14  _DeviceInit                             
1     00008002  _DisprHandle                            
1     00008004  _DisprObj                               
1     00001000  _DmaRegs                                
1     00008548  _DoutDrvEnableObj                       
1     00006040  _ECanaLAMRegs                           
1     000060c0  _ECanaMOTORegs                          
1     00006080  _ECanaMOTSRegs                          
1     00006100  _ECanaMboxes                            
1     00006000  _ECanaRegs                              
1     00006a00  _ECap1Regs                              
1     00006a20  _ECap2Regs                              
1     00006a40  _ECap3Regs                              
1     00006800  _EPwm1Regs                              
1     00006840  _EPwm2Regs                              
1     00006880  _EPwm3Regs                              
1     000068c0  _EPwm4Regs                              
1     00006900  _EPwm5Regs                              
1     00006940  _EPwm6Regs                              
1     00006980  _EPwm7Regs                              
1     000069c0  _EPwm8Regs                              
1     00006b00  _EQep1Regs                              
1     00006b40  _EQep2Regs                              
1     00000d01  _EmuBMode                               
1     00000d00  _EmuKey                                 
0     003f5c6c  _ExtOscSel                              
1     00000a80  _FlashRegs                              
1     00000d04  _Flash_CPUScaleFactor                   
1     00000d02  _Flash_CallbackPtr                      
0     003f619e  _GDRV_assignPin                         
0     003f619a  _GDRV_assignSpiPort                     
0     003f61bb  _GDRV_disable                           
0     003f61b3  _GDRV_enable                            
0     003f61c2  _GDRV_hasFaulted                        
0     003f6185  _GDRV_init                              
0     003f61aa  _GDRV_powerup                           
0     003f61b1  _GDRV_setup                             
1     00008546  _GdrvHandle                             
1     0000854e  _GdrvObj                                
1     00006f80  _GpioCtrlRegs                           
1     00006fc0  _GpioDataRegs                           
1     00006fe0  _GpioIntRegs                            
1     00008400  _HAL_SObj                               
0     003f57c7  _HAL_configure                          
0     003f56f1  _HAL_getDefaultAdcParams                
0     003f5713  _HAL_getDefaultAinChannelParams         
0     003f5778  _HAL_getDefaultPwmParams                
0     003f57d8  _HAL_getHighestSocConfigured            
0     003f57ca  _HAL_getLowestPwmResourceConfigured     
0     003f56f8  _HAL_setupAdc                           
0     003f571a  _HAL_setupAnalogIn                      
0     003f574f  _HAL_setupAnalogInF                     
0     003f56df  _HAL_setupDigitalIn                     
0     003f56cc  _HAL_setupDigitalOut                    
0     003f578c  _HAL_setupPwmOut                        
0     003f57b4  _HAL_setupQep                           
0     003f5611  _HAL_sinit                              
1     00006ac0  _HRCap1Regs                             
1     00006ae0  _HRCap2Regs                             
1     00006c80  _HRCap3Regs                             
1     00006ca0  _HRCap4Regs                             
1     00007900  _I2caRegs                               
0     003f62c2  _ISR_ILLEGAL                            
0     003f62ea  _InitCalib                              
0     00008800  _InitFlash                              
0     003f5c48  _IntOsc1Sel                             
0     003f5c58  _IntOsc2Sel                             
1     00005000  _McbspaRegs                             
0     003f5cf1  _MemCopy                                
1     00007060  _NmiIntruptRegs                         
0     003f5005  _PIL_BSRVS_init                         
0     003f5081  _PIL_BSRVS_messageHandler               
0     003f501d  _PIL_BSRVS_setWriteInterlockHandler     
0     00000000  _PIL_C_ProcessorPartNumber              
0     003f63de  _PIL_D_BaudRate                         
0     003f63d2  _PIL_D_CompiledBy                       
0     003f637a  _PIL_D_CompiledDate                     
0     003f63bc  _PIL_D_FirmwareDescription              
0     003f63dc  _PIL_D_FrameworkVersion                 
0     003f63ca  _PIL_D_Guid                             
0     003f63dd  _PIL_D_StationAddress                   
0     003f62dd  _PIL_DisableInt                         
0     003f404b  _PIL_PROBES_getActualPilMode            
0     003f4063  _PIL_PROBES_getActualPilStep            
0     003f4053  _PIL_PROBES_getDesiredPilMode           
0     003f406c  _PIL_PROBES_getDesiredPilStep           
0     003f405b  _PIL_PROBES_getPreviousPilMode          
0     003f4000  _PIL_PROBES_init                        
0     003f41a3  _PIL_PROBES_messageHandler              
0     003f402a  _PIL_PROBES_setActualPilMode            
0     003f4041  _PIL_PROBES_setActualPilStep            
0     003f4038  _PIL_PROBES_setDesiredPilMode           
0     003f4c05  _PIL_RA_init                            
0     003f4634  _PIL_RA_parallelIn                      
0     003f4ccf  _PIL_RA_parallelIn_p                    
0     003f4644  _PIL_RA_parallelOut                     
0     003f4cfa  _PIL_RA_parallelOut_p                   
0     003f4d79  _PIL_RA_pollLinkReq                     
0     003f4d1d  _PIL_RA_pollLinkRsp                     
0     003f4c7b  _PIL_RA_registerService                 
0     003f4656  _PIL_RA_serialIn                        
0     003f4ca0  _PIL_RA_serialIn_p                      
0     003f4664  _PIL_RA_serialOut                       
0     003f4673  _PIL_RA_serialOutIsSynchronized         
0     003f4cc3  _PIL_RA_serialOutIsSynchronized_p       
0     003f4cad  _PIL_RA_serialOut_p                     
0     003f4c52  _PIL_RA_setGuid                         
0     003f4c6c  _PIL_RA_setNodeAddress                  
0     003f607b  _PIL_RBUF_isEmpty                       
0     003f60b4  _PIL_RBUF_pop                           
0     003f6089  _PIL_RBUF_push                          
0     003f6070  _PIL_RBUF_reset                         
0     003f62e1  _PIL_RestoreInt                         
0     003f494e  _PIL_SCOPE_init                         
0     003f4a93  _PIL_SCOPE_messageHandler               
0     003f4680  _PIL_SCOPE_sample                       
0     003f4975  _PIL_SCOPE_sample_p                     
0     003f4965  _PIL_SCOPE_setBuffer                    
0     003f468d  _PIL_SCOPE_trigger                      
0     003f49d3  _PIL_SCOPE_trigger_p                    
0     003f63ac  _PIL_SLINK_crc16Lookup                  
0     003f4dfd  _PIL_SLINK_in                           
0     003f4dd5  _PIL_SLINK_init                         
0     003f4e08  _PIL_SLINK_out                          
0     003f4e44  _PIL_SLINK_outBufIsEmpty                
0     003f4e36  _PIL_SLINK_outIsSynchronized            
0     003f4f7f  _PIL_SLINK_receive                      
0     003f4f5f  _PIL_SLINK_send                         
0     00000008  _PIL_V_Calibs_dummy                     
0     0000010a  _PIL_V_DisprHandle_cntdownTimestamp1    
0     00000170  _PIL_V_DisprHandle_cntdownTimestamp2    
0     00000116  _PIL_V_DisprHandle_ctrlPeriod           
0     0000011c  _PIL_V_DisprHandle_thisCntdownTimestamp0
0     00000110  _PIL_V_DisprHandle_thisCntdownTimestamp1
0     00000104  _PIL_V_DisprHandle_thisCntdownTimestamp2
0     0000016a  _PIL_V_DisprObj_cntdownTimestamp1       
0     00000122  _PIL_V_DisprObj_cntdownTimestamp2       
0     000001ca  _PIL_V_DisprObj_ctrlPeriod              
0     0000017c  _PIL_V_DisprObj_thisCntdownTimestamp0   
0     00000182  _PIL_V_DisprObj_thisCntdownTimestamp1   
0     00000176  _PIL_V_DisprObj_thisCntdownTimestamp2   
0     00000098  _PIL_V_GdrvHandle_drvCtrl1              
0     0000008c  _PIL_V_GdrvHandle_drvCtrl2              
0     00000080  _PIL_V_GdrvHandle_drvCtrl5              
0     00000086  _PIL_V_GdrvHandle_drvCtrl6              
0     000000b0  _PIL_V_GdrvHandle_drvCtrl7              
0     000000b6  _PIL_V_GdrvHandle_drvCtrl9              
0     000000aa  _PIL_V_GdrvHandle_drvCtrlA              
0     0000009e  _PIL_V_GdrvHandle_drvCtrlB              
0     000000a4  _PIL_V_GdrvHandle_drvCtrlC              
0     000000e0  _PIL_V_GdrvHandle_drvStat1              
0     000000e6  _PIL_V_GdrvHandle_drvStat2              
0     000000bc  _PIL_V_GdrvHandle_drvStat3              
0     00000092  _PIL_V_GdrvHandle_drvStat4              
0     00000026  _PIL_V_GdrvObj_drvCtrl1                 
0     000000d4  _PIL_V_GdrvObj_drvCtrl2                 
0     000000da  _PIL_V_GdrvObj_drvCtrl5                 
0     000000ce  _PIL_V_GdrvObj_drvCtrl6                 
0     000000c2  _PIL_V_GdrvObj_drvCtrl7                 
0     000000c8  _PIL_V_GdrvObj_drvCtrl9                 
0     000000f2  _PIL_V_GdrvObj_drvCtrlA                 
0     000000f8  _PIL_V_GdrvObj_drvCtrlB                 
0     000000ec  _PIL_V_GdrvObj_drvCtrlC                 
0     00000032  _PIL_V_GdrvObj_drvStat1                 
0     00000038  _PIL_V_GdrvObj_drvStat2                 
0     0000002c  _PIL_V_GdrvObj_drvStat3                 
0     00000020  _PIL_V_GdrvObj_drvStat4                 
0     00000164  _PIL_V_PWM_SObj_cmp_CMP1                
0     00000158  _PIL_V_PWM_SObj_cmp_CMP2                
0     0000015e  _PIL_V_PWM_SObj_cmp_CMP3                
0     00000152  _PIL_V_PWM_SObj_cmp_CMP4                
0     00000146  _PIL_V_PWM_SObj_cmp_CMP5                
0     0000014c  _PIL_V_PWM_SObj_cmp_CMP6                
0     00000002  _PIL_V_PWR_SHandle_calibsAreDirty       
0     00000014  _PIL_V_PWR_SHandle_enableReq            
0     0000001a  _PIL_V_PWR_SHandle_errorCode            
0     0000000e  _PIL_V_PWR_SHandle_gatesActive          
0     000001b2  _PIL_V_PWR_SHandle_gdrvHandle_drvCtrl1  
0     000000fe  _PIL_V_PWR_SHandle_gdrvHandle_drvCtrl2  
0     00000056  _PIL_V_PWR_SHandle_gdrvHandle_drvCtrl5  
0     0000005c  _PIL_V_PWR_SHandle_gdrvHandle_drvCtrl6  
0     00000050  _PIL_V_PWR_SHandle_gdrvHandle_drvCtrl7  
0     00000044  _PIL_V_PWR_SHandle_gdrvHandle_drvCtrl9  
0     0000004a  _PIL_V_PWR_SHandle_gdrvHandle_drvCtrlA  
0     00000074  _PIL_V_PWR_SHandle_gdrvHandle_drvCtrlB  
0     0000007a  _PIL_V_PWR_SHandle_gdrvHandle_drvCtrlC  
0     000001be  _PIL_V_PWR_SHandle_gdrvHandle_drvStat1  
0     000001c4  _PIL_V_PWR_SHandle_gdrvHandle_drvStat2  
0     000001b8  _PIL_V_PWR_SHandle_gdrvHandle_drvStat3  
0     000001ac  _PIL_V_PWR_SHandle_gdrvHandle_drvStat4  
0     00000068  _PIL_V_PWR_SHandle_gdrvInitReq          
0     0000003e  _PIL_V_PWR_SHandle_gdrvStatus           
0     0000006e  _PIL_V_PWR_SHandle_pilMode              
0     00000062  _PIL_V_PWR_SHandle_state                
0     000001ee  _PIL_V_PWR_SObj_calibsAreDirty          
0     00000194  _PIL_V_PWR_SObj_enableReq               
0     00000188  _PIL_V_PWR_SObj_errorCode               
0     0000018e  _PIL_V_PWR_SObj_gatesActive             
0     0000012e  _PIL_V_PWR_SObj_gdrvHandle_drvCtrl1     
0     00000206  _PIL_V_PWR_SObj_gdrvHandle_drvCtrl2     
0     000001dc  _PIL_V_PWR_SObj_gdrvHandle_drvCtrl5     
0     000001e2  _PIL_V_PWR_SObj_gdrvHandle_drvCtrl6     
0     000001d6  _PIL_V_PWR_SObj_gdrvHandle_drvCtrl7     
0     000001d0  _PIL_V_PWR_SObj_gdrvHandle_drvCtrl9     
0     000001fa  _PIL_V_PWR_SObj_gdrvHandle_drvCtrlA     
0     00000200  _PIL_V_PWR_SObj_gdrvHandle_drvCtrlB     
0     000001f4  _PIL_V_PWR_SObj_gdrvHandle_drvCtrlC     
0     0000013a  _PIL_V_PWR_SObj_gdrvHandle_drvStat1     
0     00000140  _PIL_V_PWR_SObj_gdrvHandle_drvStat2     
0     00000134  _PIL_V_PWR_SObj_gdrvHandle_drvStat3     
0     00000128  _PIL_V_PWR_SObj_gdrvHandle_drvStat4     
0     0000019a  _PIL_V_PWR_SObj_gdrvInitReq             
0     000001a0  _PIL_V_PWR_SObj_gdrvStatus              
0     000001e8  _PIL_V_PWR_SObj_pilMode                 
0     000001a6  _PIL_V_PWR_SObj_state                   
0     0000020c  _PIL_WA_Calibs_dummy                    
0     003f478f  _PIL_allowPilSimulation                 
0     003f4927  _PIL_backgroundCall                     
0     003f492c  _PIL_backgroundCallnoSynch              
0     003f491a  _PIL_beginInterruptCall                 
0     003f47af  _PIL_inhibitPilSimulation               
0     003f462a  _PIL_init                               
0     003f471b  _PIL_init_p                             
0     003f47cf  _PIL_requestNormalMode                  
0     003f47e5  _PIL_requestReadyMode                   
0     003f46fa  _PIL_setBackgroundCommCallback          
0     003f46ed  _PIL_setCtrlCallback                    
0     003f46af  _PIL_setLinkParams                      
0     003f46df  _PIL_setNodeAddress                     
0     003f4707  _PIL_setScopeBuffer                     
0     003f469a  _PIL_setWriteInterlockHandler           
0     003f47fb  _PIL_simulationActive                   
0     003f5c82  _PLLset                                 
1     0000802a  _PWM_SObj                               
0     003f52c2  _PWM_configure                          
0     003f523f  _PWM_getRegisterBase                    
0     003f52bb  _PWM_init                               
0     003f540f  _PWM_setCompare                         
0     003f5274  _PWM_setDefaultParams                   
0     003f5215  _PWM_sinit                              
1     000083e2  _PWR_SObj                               
0     003f5a42  _PWR_background                         
0     003f5a81  _PWR_calibsAreDirty                     
0     003f59a1  _PWR_configure                          
0     003f5a8b  _PWR_disableSwitching                   
0     003f5a59  _PWR_enable                             
0     003f5aa5  _PWR_enableSwitching                    
0     003f59df  _PWR_fsm                                
0     003f5a77  _PWR_isEnabled                          
0     003f5a6d  _PWR_isReadyForEnable                   
0     003f5a5f  _PWR_isSafe                             
0     003f59c2  _PWR_registerPwmChannel                 
0     003f59d3  _PWR_reset                              
0     003f5ac7  _PWR_setPilMode                         
0     003f599b  _PWR_sinit                              
0     003f59bd  _PWR_unregisterAllPwmChannels           
1     003d7e80  _PartIdRegs                             
0     003f5cbe  _PieCntlInit                            
1     00000ce0  _PieCtrlRegs                            
1     00000d00  _PieVectTable                           
0     003f5cdd  _PieVectTableInit                       
0     003f6217  _PilCallback                            
0     003f62e5  _PilInitCalibrations                    
0     003f62e4  _PilInitOverrideProbes                  
1     0000803b  _PuVars                                 
0     003f5db4  _QEP_configure                          
0     003f5dad  _QEP_init                               
0     003f630f  _RamfuncsLoadEnd                        
abs   0000001f  _RamfuncsLoadSize                       
0     003f62f0  _RamfuncsLoadStart                      
0     00008800  _RamfuncsRunStart                       
0     003f6031  _SCIGetChar                             
0     003f5ff3  _SCIInit                                
0     003f6049  _SCIPoll                                
0     003f603b  _SCIPutChar                             
0     003f6041  _SCIWriteString                         
1     00007050  _SciaRegs                               
1     00007750  _ScibRegs                               
1     00007040  _SpiaRegs                               
1     00007740  _SpibRegs                               
1     00007010  _SysCtrlRegs                            
1     00000985  _SysPwrCtrlRegs                         
0     003f62c0  _Target28069_Blink_0_cScriptDerivative  
0     003f62b2  _Target28069_Blink_0_cScriptOutput      
0     003f62b1  _Target28069_Blink_0_cScriptStart       
0     003f62c1  _Target28069_Blink_0_cScriptTerminate   
0     003f62bf  _Target28069_Blink_0_cScriptUpdate      
1     000085a2  _Target28069_Blink_B                    
1     0000859e  _Target28069_Blink_X                    
0     003f63d8  _Target28069_Blink_checksum             
1     0000859a  _Target28069_Blink_errorStatus          
0     003f57e8  _Target28069_Blink_initialize           
0     003f63da  _Target28069_Blink_sampleTime           
0     003f5906  _Target28069_Blink_step                 
0     003f598d  _Target28069_Blink_terminate            
0     003f5f6f  _Task1                                  
0     003f5f72  _Task2                                  
1     00004000  _Usb0Regs                               
0     003f5c40  _WDogDisable                            
1     00007070  _XIntruptRegs                           
1     00000350  __STACK_END                             
abs   00000300  __STACK_SIZE                            
1     00008032  ___TI_cleanup_ptr                       
1     00008034  ___TI_dtors_ptr                         
1     00008030  ___TI_enable_exit_profile_output        
abs   ffffffff  ___TI_pprof_out_hndl                    
abs   ffffffff  ___TI_prof_data_size                    
abs   ffffffff  ___TI_prof_data_start                   
abs   ffffffff  ___binit__                              
abs   ffffffff  ___c_args__                             
0     003f63e4  ___cinit__                              
0     003f62f0  ___etext__                              
abs   ffffffff  ___pinit__                              
0     003f4000  ___text__                               
0     003f6298  __args_main                             
1     00008036  __lock                                  
0     003f62d4  __nop                                   
0     003f62d0  __register_lock                         
0     003f62cc  __register_unlock                       
1     00000050  __stack                                 
0     003f62ef  __system_post_cinit                     
0     003f62ed  __system_pre_init                       
1     00008038  __unlock                                
0     003f6255  _abort                                  
0     003f612f  _c_int00                                
0     003f61d1  _copy_in                                
0     003f627e  _ddcopy                                 
0     003f627e  _dpcopy                                 
0     003f6257  _exit                                   
0     003f60d6  _floor                                  
0     003f60d6  _floorf                                 
0     003f5f80  _main                                   
0     003f627e  _pdcopy                                 
0     003f627e  _ppcopy                                 
abs   ffffffff  binit                                   
0     003f63e4  cinit                                   
0     003f7ff6  code_start                              
0     003f62f0  etext                                   
abs   ffffffff  pinit                                   


GLOBAL SYMBOLS: SORTED BY Symbol Address 

page  address   name                                    
----  -------   ----                                    
0     00000000  _PIL_C_ProcessorPartNumber              
0     00000002  _PIL_V_PWR_SHandle_calibsAreDirty       
0     00000008  _PIL_V_Calibs_dummy                     
0     0000000e  _PIL_V_PWR_SHandle_gatesActive          
0     00000014  _PIL_V_PWR_SHandle_enableReq            
0     0000001a  _PIL_V_PWR_SHandle_errorCode            
0     00000020  _PIL_V_GdrvObj_drvStat4                 
0     00000026  _PIL_V_GdrvObj_drvCtrl1                 
0     0000002c  _PIL_V_GdrvObj_drvStat3                 
0     00000032  _PIL_V_GdrvObj_drvStat1                 
0     00000038  _PIL_V_GdrvObj_drvStat2                 
0     0000003e  _PIL_V_PWR_SHandle_gdrvStatus           
0     00000044  _PIL_V_PWR_SHandle_gdrvHandle_drvCtrl9  
0     0000004a  _PIL_V_PWR_SHandle_gdrvHandle_drvCtrlA  
0     00000050  _PIL_V_PWR_SHandle_gdrvHandle_drvCtrl7  
0     00000056  _PIL_V_PWR_SHandle_gdrvHandle_drvCtrl5  
0     0000005c  _PIL_V_PWR_SHandle_gdrvHandle_drvCtrl6  
0     00000062  _PIL_V_PWR_SHandle_state                
0     00000068  _PIL_V_PWR_SHandle_gdrvInitReq          
0     0000006e  _PIL_V_PWR_SHandle_pilMode              
0     00000074  _PIL_V_PWR_SHandle_gdrvHandle_drvCtrlB  
0     0000007a  _PIL_V_PWR_SHandle_gdrvHandle_drvCtrlC  
0     00000080  _PIL_V_GdrvHandle_drvCtrl5              
0     00000086  _PIL_V_GdrvHandle_drvCtrl6              
0     0000008c  _PIL_V_GdrvHandle_drvCtrl2              
0     00000092  _PIL_V_GdrvHandle_drvStat4              
0     00000098  _PIL_V_GdrvHandle_drvCtrl1              
0     0000009e  _PIL_V_GdrvHandle_drvCtrlB              
0     000000a4  _PIL_V_GdrvHandle_drvCtrlC              
0     000000aa  _PIL_V_GdrvHandle_drvCtrlA              
0     000000b0  _PIL_V_GdrvHandle_drvCtrl7              
0     000000b6  _PIL_V_GdrvHandle_drvCtrl9              
0     000000bc  _PIL_V_GdrvHandle_drvStat3              
0     000000c2  _PIL_V_GdrvObj_drvCtrl7                 
0     000000c8  _PIL_V_GdrvObj_drvCtrl9                 
0     000000ce  _PIL_V_GdrvObj_drvCtrl6                 
0     000000d4  _PIL_V_GdrvObj_drvCtrl2                 
0     000000da  _PIL_V_GdrvObj_drvCtrl5                 
0     000000e0  _PIL_V_GdrvHandle_drvStat1              
0     000000e6  _PIL_V_GdrvHandle_drvStat2              
0     000000ec  _PIL_V_GdrvObj_drvCtrlC                 
0     000000f2  _PIL_V_GdrvObj_drvCtrlA                 
0     000000f8  _PIL_V_GdrvObj_drvCtrlB                 
0     000000fe  _PIL_V_PWR_SHandle_gdrvHandle_drvCtrl2  
0     00000104  _PIL_V_DisprHandle_thisCntdownTimestamp2
0     0000010a  _PIL_V_DisprHandle_cntdownTimestamp1    
0     00000110  _PIL_V_DisprHandle_thisCntdownTimestamp1
0     00000116  _PIL_V_DisprHandle_ctrlPeriod           
0     0000011c  _PIL_V_DisprHandle_thisCntdownTimestamp0
0     00000122  _PIL_V_DisprObj_cntdownTimestamp2       
0     00000128  _PIL_V_PWR_SObj_gdrvHandle_drvStat4     
0     0000012e  _PIL_V_PWR_SObj_gdrvHandle_drvCtrl1     
0     00000134  _PIL_V_PWR_SObj_gdrvHandle_drvStat3     
0     0000013a  _PIL_V_PWR_SObj_gdrvHandle_drvStat1     
0     00000140  _PIL_V_PWR_SObj_gdrvHandle_drvStat2     
0     00000146  _PIL_V_PWM_SObj_cmp_CMP5                
0     0000014c  _PIL_V_PWM_SObj_cmp_CMP6                
0     00000152  _PIL_V_PWM_SObj_cmp_CMP4                
0     00000158  _PIL_V_PWM_SObj_cmp_CMP2                
0     0000015e  _PIL_V_PWM_SObj_cmp_CMP3                
0     00000164  _PIL_V_PWM_SObj_cmp_CMP1                
0     0000016a  _PIL_V_DisprObj_cntdownTimestamp1       
0     00000170  _PIL_V_DisprHandle_cntdownTimestamp2    
0     00000176  _PIL_V_DisprObj_thisCntdownTimestamp2   
0     0000017c  _PIL_V_DisprObj_thisCntdownTimestamp0   
0     00000182  _PIL_V_DisprObj_thisCntdownTimestamp1   
0     00000188  _PIL_V_PWR_SObj_errorCode               
0     0000018e  _PIL_V_PWR_SObj_gatesActive             
0     00000194  _PIL_V_PWR_SObj_enableReq               
0     0000019a  _PIL_V_PWR_SObj_gdrvInitReq             
0     000001a0  _PIL_V_PWR_SObj_gdrvStatus              
0     000001a6  _PIL_V_PWR_SObj_state                   
0     000001ac  _PIL_V_PWR_SHandle_gdrvHandle_drvStat4  
0     000001b2  _PIL_V_PWR_SHandle_gdrvHandle_drvCtrl1  
0     000001b8  _PIL_V_PWR_SHandle_gdrvHandle_drvStat3  
0     000001be  _PIL_V_PWR_SHandle_gdrvHandle_drvStat1  
0     000001c4  _PIL_V_PWR_SHandle_gdrvHandle_drvStat2  
0     000001ca  _PIL_V_DisprObj_ctrlPeriod              
0     000001d0  _PIL_V_PWR_SObj_gdrvHandle_drvCtrl9     
0     000001d6  _PIL_V_PWR_SObj_gdrvHandle_drvCtrl7     
0     000001dc  _PIL_V_PWR_SObj_gdrvHandle_drvCtrl5     
0     000001e2  _PIL_V_PWR_SObj_gdrvHandle_drvCtrl6     
0     000001e8  _PIL_V_PWR_SObj_pilMode                 
0     000001ee  _PIL_V_PWR_SObj_calibsAreDirty          
0     000001f4  _PIL_V_PWR_SObj_gdrvHandle_drvCtrlC     
0     000001fa  _PIL_V_PWR_SObj_gdrvHandle_drvCtrlA     
0     00000200  _PIL_V_PWR_SObj_gdrvHandle_drvCtrlB     
0     00000206  _PIL_V_PWR_SObj_gdrvHandle_drvCtrl2     
0     0000020c  _PIL_WA_Calibs_dummy                    
0     00008800  _InitFlash                              
0     00008800  _RamfuncsRunStart                       
0     0000881b  _DSP28x_usDelay                         
0     003f4000  .text                                   
0     003f4000  _PIL_PROBES_init                        
0     003f4000  ___text__                               
0     003f402a  _PIL_PROBES_setActualPilMode            
0     003f4038  _PIL_PROBES_setDesiredPilMode           
0     003f4041  _PIL_PROBES_setActualPilStep            
0     003f404b  _PIL_PROBES_getActualPilMode            
0     003f4053  _PIL_PROBES_getDesiredPilMode           
0     003f405b  _PIL_PROBES_getPreviousPilMode          
0     003f4063  _PIL_PROBES_getActualPilStep            
0     003f406c  _PIL_PROBES_getDesiredPilStep           
0     003f41a3  _PIL_PROBES_messageHandler              
0     003f462a  _PIL_init                               
0     003f4634  _PIL_RA_parallelIn                      
0     003f4644  _PIL_RA_parallelOut                     
0     003f4656  _PIL_RA_serialIn                        
0     003f4664  _PIL_RA_serialOut                       
0     003f4673  _PIL_RA_serialOutIsSynchronized         
0     003f4680  _PIL_SCOPE_sample                       
0     003f468d  _PIL_SCOPE_trigger                      
0     003f469a  _PIL_setWriteInterlockHandler           
0     003f46af  _PIL_setLinkParams                      
0     003f46df  _PIL_setNodeAddress                     
0     003f46ed  _PIL_setCtrlCallback                    
0     003f46fa  _PIL_setBackgroundCommCallback          
0     003f4707  _PIL_setScopeBuffer                     
0     003f471b  _PIL_init_p                             
0     003f478f  _PIL_allowPilSimulation                 
0     003f47af  _PIL_inhibitPilSimulation               
0     003f47cf  _PIL_requestNormalMode                  
0     003f47e5  _PIL_requestReadyMode                   
0     003f47fb  _PIL_simulationActive                   
0     003f491a  _PIL_beginInterruptCall                 
0     003f4927  _PIL_backgroundCall                     
0     003f492c  _PIL_backgroundCallnoSynch              
0     003f494e  _PIL_SCOPE_init                         
0     003f4965  _PIL_SCOPE_setBuffer                    
0     003f4975  _PIL_SCOPE_sample_p                     
0     003f49d3  _PIL_SCOPE_trigger_p                    
0     003f4a93  _PIL_SCOPE_messageHandler               
0     003f4c05  _PIL_RA_init                            
0     003f4c52  _PIL_RA_setGuid                         
0     003f4c6c  _PIL_RA_setNodeAddress                  
0     003f4c7b  _PIL_RA_registerService                 
0     003f4ca0  _PIL_RA_serialIn_p                      
0     003f4cad  _PIL_RA_serialOut_p                     
0     003f4cc3  _PIL_RA_serialOutIsSynchronized_p       
0     003f4ccf  _PIL_RA_parallelIn_p                    
0     003f4cfa  _PIL_RA_parallelOut_p                   
0     003f4d1d  _PIL_RA_pollLinkRsp                     
0     003f4d79  _PIL_RA_pollLinkReq                     
0     003f4dd5  _PIL_SLINK_init                         
0     003f4dfd  _PIL_SLINK_in                           
0     003f4e08  _PIL_SLINK_out                          
0     003f4e36  _PIL_SLINK_outIsSynchronized            
0     003f4e44  _PIL_SLINK_outBufIsEmpty                
0     003f4f5f  _PIL_SLINK_send                         
0     003f4f7f  _PIL_SLINK_receive                      
0     003f5005  _PIL_BSRVS_init                         
0     003f501d  _PIL_BSRVS_setWriteInterlockHandler     
0     003f5081  _PIL_BSRVS_messageHandler               
0     003f5215  _PWM_sinit                              
0     003f523f  _PWM_getRegisterBase                    
0     003f5274  _PWM_setDefaultParams                   
0     003f52bb  _PWM_init                               
0     003f52c2  _PWM_configure                          
0     003f540f  _PWM_setCompare                         
0     003f5417  _DISPR_sinit                            
0     003f541f  _DISPR_configure                        
0     003f5446  _DISPR_setPowerupDelayMs                
0     003f544c  _DISPR_powerupDelayIsActive             
0     003f5456  _DISPR_setTriggerByAdcViaTimer          
0     003f548c  _DISPR_setTriggerByAdcViaPwm            
0     003f54ce  _DISPR_setTriggerByTimer                
0     003f54ea  _DISPR_setTriggerByPwm                  
0     003f550e  _DISPR_reset                            
0     003f5514  _DISPR_start                            
0     003f55fe  _DISPR_stop                             
0     003f5610  _DISPR_background                       
0     003f5611  _HAL_sinit                              
0     003f56cc  _HAL_setupDigitalOut                    
0     003f56df  _HAL_setupDigitalIn                     
0     003f56f1  _HAL_getDefaultAdcParams                
0     003f56f8  _HAL_setupAdc                           
0     003f5713  _HAL_getDefaultAinChannelParams         
0     003f571a  _HAL_setupAnalogIn                      
0     003f574f  _HAL_setupAnalogInF                     
0     003f5778  _HAL_getDefaultPwmParams                
0     003f578c  _HAL_setupPwmOut                        
0     003f57b4  _HAL_setupQep                           
0     003f57c7  _HAL_configure                          
0     003f57ca  _HAL_getLowestPwmResourceConfigured     
0     003f57d8  _HAL_getHighestSocConfigured            
0     003f57e8  _Target28069_Blink_initialize           
0     003f5906  _Target28069_Blink_step                 
0     003f598d  _Target28069_Blink_terminate            
0     003f599b  _PWR_sinit                              
0     003f59a1  _PWR_configure                          
0     003f59bd  _PWR_unregisterAllPwmChannels           
0     003f59c2  _PWR_registerPwmChannel                 
0     003f59d3  _PWR_reset                              
0     003f59df  _PWR_fsm                                
0     003f5a42  _PWR_background                         
0     003f5a59  _PWR_enable                             
0     003f5a5f  _PWR_isSafe                             
0     003f5a6d  _PWR_isReadyForEnable                   
0     003f5a77  _PWR_isEnabled                          
0     003f5a81  _PWR_calibsAreDirty                     
0     003f5a8b  _PWR_disableSwitching                   
0     003f5aa5  _PWR_enableSwitching                    
0     003f5ac7  _PWR_setPilMode                         
0     003f5ae5  _AIN_sinit                              
0     003f5b07  _AIN_getRegisterBase                    
0     003f5b10  _AIN_setDefaultAdcParams                
0     003f5b1c  _AIN_init                               
0     003f5b23  _AIN_configure                          
0     003f5b63  _AIN_setDefaultChannelParams            
0     003f5b6d  _AIN_resetChannelSetup                  
0     003f5b83  _AIN_setupChannel                       
0     003f5bb3  _AIN_getIn                              
0     003f5c14  _DeviceInit                             
0     003f5c40  _WDogDisable                            
0     003f5c48  _IntOsc1Sel                             
0     003f5c58  _IntOsc2Sel                             
0     003f5c6c  _ExtOscSel                              
0     003f5c82  _PLLset                                 
0     003f5cbe  _PieCntlInit                            
0     003f5cdd  _PieVectTableInit                       
0     003f5cf1  _MemCopy                                
0     003f5dad  _QEP_init                               
0     003f5db4  _QEP_configure                          
0     003f5e53  _DIO_sinit                              
0     003f5e67  _DIO_obtainDummyWrite                   
0     003f5e6a  _DIO_obtainDummyRead                    
0     003f5e72  _DIO_init                               
0     003f5e79  _DIO_configureIn                        
0     003f5e7e  _DIO_configureOut                       
0     003f5ee7  FS$$DIV                                 
0     003f5f6f  _Task1                                  
0     003f5f72  _Task2                                  
0     003f5f80  _main                                   
0     003f5ff3  _SCIInit                                
0     003f6031  _SCIGetChar                             
0     003f603b  _SCIPutChar                             
0     003f6041  _SCIWriteString                         
0     003f6049  _SCIPoll                                
0     003f6070  _PIL_RBUF_reset                         
0     003f607b  _PIL_RBUF_isEmpty                       
0     003f6089  _PIL_RBUF_push                          
0     003f60b4  _PIL_RBUF_pop                           
0     003f60d6  _floor                                  
0     003f60d6  _floorf                                 
0     003f612f  _c_int00                                
0     003f6185  _GDRV_init                              
0     003f619a  _GDRV_assignSpiPort                     
0     003f619e  _GDRV_assignPin                         
0     003f61aa  _GDRV_powerup                           
0     003f61b1  _GDRV_setup                             
0     003f61b3  _GDRV_enable                            
0     003f61bb  _GDRV_disable                           
0     003f61c2  _GDRV_hasFaulted                        
0     003f61d1  _copy_in                                
0     003f6217  _PilCallback                            
0     003f6255  C$$EXIT                                 
0     003f6255  _abort                                  
0     003f6257  _exit                                   
0     003f627e  _ddcopy                                 
0     003f627e  _dpcopy                                 
0     003f627e  _pdcopy                                 
0     003f627e  _ppcopy                                 
0     003f6298  __args_main                             
0     003f62b1  _Target28069_Blink_0_cScriptStart       
0     003f62b2  _Target28069_Blink_0_cScriptOutput      
0     003f62bf  _Target28069_Blink_0_cScriptUpdate      
0     003f62c0  _Target28069_Blink_0_cScriptDerivative  
0     003f62c1  _Target28069_Blink_0_cScriptTerminate   
0     003f62c2  _ISR_ILLEGAL                            
0     003f62cc  __register_unlock                       
0     003f62d0  __register_lock                         
0     003f62d4  __nop                                   
0     003f62dd  _PIL_DisableInt                         
0     003f62e1  _PIL_RestoreInt                         
0     003f62e4  _PilInitOverrideProbes                  
0     003f62e5  _PilInitCalibrations                    
0     003f62ea  _InitCalib                              
0     003f62ed  __system_pre_init                       
0     003f62ef  __system_post_cinit                     
0     003f62f0  _RamfuncsLoadStart                      
0     003f62f0  ___etext__                              
0     003f62f0  etext                                   
0     003f630f  _RamfuncsLoadEnd                        
0     003f637a  _PIL_D_CompiledDate                     
0     003f63ac  _PIL_SLINK_crc16Lookup                  
0     003f63bc  _PIL_D_FirmwareDescription              
0     003f63ca  _PIL_D_Guid                             
0     003f63d2  _PIL_D_CompiledBy                       
0     003f63d8  _Target28069_Blink_checksum             
0     003f63da  _Target28069_Blink_sampleTime           
0     003f63dc  _PIL_D_FrameworkVersion                 
0     003f63dd  _PIL_D_StationAddress                   
0     003f63de  _PIL_D_BaudRate                         
0     003f63e4  ___cinit__                              
0     003f63e4  cinit                                   
0     003f7ff6  code_start                              
1     00000050  __stack                                 
1     00000350  __STACK_END                             
1     00000880  _DevEmuRegs                             
1     00000985  _SysPwrCtrlRegs                         
1     00000a80  _FlashRegs                              
1     00000ae0  _CsmRegs                                
1     00000b00  _AdcResult                              
1     00000c00  _CpuTimer0Regs                          
1     00000c08  _CpuTimer1Regs                          
1     00000c10  _CpuTimer2Regs                          
1     00000ce0  _PieCtrlRegs                            
1     00000d00  _EmuKey                                 
1     00000d00  _PieVectTable                           
1     00000d01  _EmuBMode                               
1     00000d02  _Flash_CallbackPtr                      
1     00000d04  _Flash_CPUScaleFactor                   
1     00001000  _DmaRegs                                
1     00001400  _Cla1Regs                               
1     00004000  _Usb0Regs                               
1     00005000  _McbspaRegs                             
1     00006000  _ECanaRegs                              
1     00006040  _ECanaLAMRegs                           
1     00006080  _ECanaMOTSRegs                          
1     000060c0  _ECanaMOTORegs                          
1     00006100  _ECanaMboxes                            
1     00006400  _Comp1Regs                              
1     00006420  _Comp2Regs                              
1     00006440  _Comp3Regs                              
1     00006800  _EPwm1Regs                              
1     00006840  _EPwm2Regs                              
1     00006880  _EPwm3Regs                              
1     000068c0  _EPwm4Regs                              
1     00006900  _EPwm5Regs                              
1     00006940  _EPwm6Regs                              
1     00006980  _EPwm7Regs                              
1     000069c0  _EPwm8Regs                              
1     00006a00  _ECap1Regs                              
1     00006a20  _ECap2Regs                              
1     00006a40  _ECap3Regs                              
1     00006ac0  _HRCap1Regs                             
1     00006ae0  _HRCap2Regs                             
1     00006b00  _EQep1Regs                              
1     00006b40  _EQep2Regs                              
1     00006c80  _HRCap3Regs                             
1     00006ca0  _HRCap4Regs                             
1     00006f80  _GpioCtrlRegs                           
1     00006fc0  _GpioDataRegs                           
1     00006fe0  _GpioIntRegs                            
1     00007010  _SysCtrlRegs                            
1     00007040  _SpiaRegs                               
1     00007050  _SciaRegs                               
1     00007060  _NmiIntruptRegs                         
1     00007070  _XIntruptRegs                           
1     00007100  _AdcRegs                                
1     00007740  _SpibRegs                               
1     00007750  _ScibRegs                               
1     00007900  _I2caRegs                               
1     00008002  _DisprHandle                            
1     00008004  _DisprObj                               
1     0000802a  _PWM_SObj                               
1     00008030  ___TI_enable_exit_profile_output        
1     00008032  ___TI_cleanup_ptr                       
1     00008034  ___TI_dtors_ptr                         
1     00008036  __lock                                  
1     00008038  __unlock                                
1     0000803a  _Calibs                                 
1     0000803b  _PuVars                                 
1     000083e2  _PWR_SObj                               
1     00008400  _HAL_SObj                               
1     00008546  _GdrvHandle                             
1     00008548  _DoutDrvEnableObj                       
1     0000854e  _GdrvObj                                
1     0000859a  _Target28069_Blink_errorStatus          
1     0000859e  _Target28069_Blink_X                    
1     000085a2  _Target28069_Blink_B                    
1     003d7e80  _PartIdRegs                             
1     003f7ff8  _CsmPwl                                 
abs   0000001f  _RamfuncsLoadSize                       
abs   00000300  __STACK_SIZE                            
abs   ffffffff  ___TI_pprof_out_hndl                    
abs   ffffffff  ___TI_prof_data_size                    
abs   ffffffff  ___TI_prof_data_start                   
abs   ffffffff  ___binit__                              
abs   ffffffff  ___c_args__                             
abs   ffffffff  ___pinit__                              
abs   ffffffff  binit                                   
abs   ffffffff  pinit                                   

[383 symbols]
