******************************************************************************
             TMS320C2000 Linker Unix v15.12.3                  
******************************************************************************
>> Linked Thu Mar 15 16:36:30 2018

OUTPUT FILE NAME:   <./output/Controls.out>
ENTRY POINT SYMBOL: "_c_int00"  address: 003f62bf


MEMORY CONFIGURATION

         name            origin    length      used     unused   attr    fill
----------------------  --------  ---------  --------  --------  ----  --------
PAGE 0:
  RAML1                 00008800   00000400  0000001f  000003e1  RWIX
  OTP                   003d7800   00000400  00000000  00000400  RWIX
  FLASHA                003f4000   00003f80  000025c9  000019b7  RWIX
  CSM_RSVD              003f7f80   00000076  00000000  00000076  RWIX
  BEGIN                 003f7ff6   00000002  00000002  00000000  RWIX
  CSM_PWL_P0            003f7ff8   00000008  00000000  00000008  RWIX
  ROM                   003ff3b0   00000c10  00000000  00000c10  RWIX
  RESET                 003fffc0   00000002  00000000  00000002  RWIX
  VECTORS               003fffc2   0000003e  00000000  0000003e  RWIX

PAGE 1:
  BOOT_RSVD             00000000   00000050  00000000  00000050  RWIX
  RAMM0                 00000050   000003b0  00000300  000000b0  RWIX
  RAMM1                 00000400   00000400  00000000  00000400  RWIX
  DEV_EMU               00000880   00000105  00000004  00000101  RWIX
  SYS_PWR_CTL           00000985   00000003  00000003  00000000  RWIX
  FLASH_REGS            00000a80   00000060  00000008  00000058  RWIX
  CSM                   00000ae0   00000020  00000010  00000010  RWIX
  ADC_RESULT            00000b00   00000020  00000010  00000010  RWIX
  CPU_TIMER0            00000c00   00000008  00000008  00000000  RWIX
  CPU_TIMER1            00000c08   00000008  00000008  00000000  RWIX
  CPU_TIMER2            00000c10   00000008  00000008  00000000  RWIX
  PIE_CTRL              00000ce0   00000020  0000001a  00000006  RWIX
  PIE_VECT              00000d00   00000100  00000100  00000000  RWIX
  DMA                   00001000   00000200  000000e0  00000120  RWIX
  CLA1                  00001400   00000080  00000040  00000040  RWIX
  USB0                  00004000   00001000  00000454  00000bac  RWIX
  McBSPA                00005000   00000040  00000024  0000001c  RWIX
  ECANA                 00006000   00000040  00000034  0000000c  RWIX
  ECANA_LAM             00006040   00000040  00000040  00000000  RWIX
  ECANA_MOTS            00006080   00000040  00000040  00000000  RWIX
  ECANA_MOTO            000060c0   00000040  00000040  00000000  RWIX
  ECANA_MBOX            00006100   00000100  00000100  00000000  RWIX
  COMP1                 00006400   00000020  00000014  0000000c  RWIX
  COMP2                 00006420   00000020  00000014  0000000c  RWIX
  COMP3                 00006440   00000020  00000014  0000000c  RWIX
  EPWM1                 00006800   00000040  00000040  00000000  RWIX
  EPWM2                 00006840   00000040  00000040  00000000  RWIX
  EPWM3                 00006880   00000040  00000040  00000000  RWIX
  EPWM4                 000068c0   00000040  00000040  00000000  RWIX
  EPWM5                 00006900   00000040  00000040  00000000  RWIX
  EPWM6                 00006940   00000040  00000040  00000000  RWIX
  EPWM7                 00006980   00000040  00000040  00000000  RWIX
  EPWM8                 000069c0   00000040  00000040  00000000  RWIX
  ECAP1                 00006a00   00000020  00000020  00000000  RWIX
  ECAP2                 00006a20   00000020  00000020  00000000  RWIX
  ECAP3                 00006a40   00000020  00000020  00000000  RWIX
  HRCAP1                00006ac0   00000020  00000020  00000000  RWIX
  HRCAP2                00006ae0   00000020  00000020  00000000  RWIX
  EQEP1                 00006b00   00000040  00000022  0000001e  RWIX
  EQEP2                 00006b40   00000040  00000022  0000001e  RWIX
  HRCAP3                00006c80   00000020  00000020  00000000  RWIX
  HRCAP4                00006ca0   00000020  00000020  00000000  RWIX
  GPIOCTRL              00006f80   00000040  00000040  00000000  RWIX
  GPIODAT               00006fc0   00000020  00000020  00000000  RWIX
  GPIOINT               00006fe0   00000020  00000020  00000000  RWIX
  SYSTEM                00007010   00000030  00000030  00000000  RWIX
  SPIA                  00007040   00000010  00000010  00000000  RWIX
  SCIA                  00007050   00000010  00000010  00000000  RWIX
  NMIINTRUPT            00007060   00000010  00000010  00000000  RWIX
  XINTRUPT              00007070   00000010  00000010  00000000  RWIX
  ADC                   00007100   00000080  00000050  00000030  RWIX
  SPIB                  00007740   00000010  00000010  00000000  RWIX
  SCIB                  00007750   00000010  00000010  00000000  RWIX
  I2CA                  00007900   00000040  00000022  0000001e  RWIX
  RAML0_TAGS            00008000   00000002  00000000  00000002  RWIX
  RAML0                 00008002   000007fe  00000616  000001e8  RWIX
  RAML2                 00008c00   00000400  00000000  00000400  RWIX
  RAML3                 00009000   00001000  00000000  00001000  RWIX
  RAML4                 0000a000   00002000  00000000  00002000  RWIX
  RAML5                 0000c000   00002000  00000000  00002000  RWIX
  RAML6                 0000e000   00002000  00000000  00002000  RWIX
  RAML78                00010000   00004000  00000000  00004000  RWIX
  PARTID                003d7e80   00000001  00000001  00000000  RWIX
  CSM_PWL               003f7ff8   00000008  00000008  00000000  RWIX

PAGE 2:
  PIL_SYMBOLS           00000000   00001000  00000000  00001000  RWIX


SECTION ALLOCATION MAP

 output                                  attributes/
section   page    origin      length       input sections
--------  ----  ----------  ----------   ----------------
ramfuncs   0    003f6556    0000001f     RUN ADDR = 00008800
                  003f6556    0000001b     F2806x_DevInit.obj (ramfuncs)
                  003f6571    00000004     F2806x_usDelay.obj (ramfuncs)

DevEmuRegsFile 
*          1    00000880    00000004     UNINITIALIZED
                  00000880    00000004     F2806x_GlobalVariableDefs.obj (DevEmuRegsFile)

SysPwrCtrlRegsFile 
*          1    00000985    00000003     UNINITIALIZED
                  00000985    00000003     F2806x_GlobalVariableDefs.obj (SysPwrCtrlRegsFile)

FlashRegsFile 
*          1    00000a80    00000008     UNINITIALIZED
                  00000a80    00000008     F2806x_GlobalVariableDefs.obj (FlashRegsFile)

CsmRegsFile 
*          1    00000ae0    00000010     UNINITIALIZED
                  00000ae0    00000010     F2806x_GlobalVariableDefs.obj (CsmRegsFile)

AdcResultFile 
*          1    00000b00    00000010     UNINITIALIZED
                  00000b00    00000010     F2806x_GlobalVariableDefs.obj (AdcResultFile)

CpuTimer0RegsFile 
*          1    00000c00    00000008     UNINITIALIZED
                  00000c00    00000008     F2806x_GlobalVariableDefs.obj (CpuTimer0RegsFile)

CpuTimer1RegsFile 
*          1    00000c08    00000008     UNINITIALIZED
                  00000c08    00000008     F2806x_GlobalVariableDefs.obj (CpuTimer1RegsFile)

CpuTimer2RegsFile 
*          1    00000c10    00000008     UNINITIALIZED
                  00000c10    00000008     F2806x_GlobalVariableDefs.obj (CpuTimer2RegsFile)

PieCtrlRegsFile 
*          1    00000ce0    0000001a     UNINITIALIZED
                  00000ce0    0000001a     F2806x_GlobalVariableDefs.obj (PieCtrlRegsFile)

PieVectTableFile 
*          1    00000d00    00000100     UNINITIALIZED
                  00000d00    00000100     F2806x_GlobalVariableDefs.obj (PieVectTableFile)

EmuKeyVar 
*          1    00000d00    00000001     UNINITIALIZED
                  00000d00    00000001     F2806x_GlobalVariableDefs.obj (EmuKeyVar)

EmuBModeVar 
*          1    00000d01    00000001     UNINITIALIZED
                  00000d01    00000001     F2806x_GlobalVariableDefs.obj (EmuBModeVar)

FlashCallbackVar 
*          1    00000d02    00000002     UNINITIALIZED
                  00000d02    00000002     F2806x_GlobalVariableDefs.obj (FlashCallbackVar)

FlashScalingVar 
*          1    00000d04    00000002     UNINITIALIZED
                  00000d04    00000002     F2806x_GlobalVariableDefs.obj (FlashScalingVar)

DmaRegsFile 
*          1    00001000    000000e0     UNINITIALIZED
                  00001000    000000e0     F2806x_GlobalVariableDefs.obj (DmaRegsFile)

Cla1RegsFile 
*          1    00001400    00000040     UNINITIALIZED
                  00001400    00000040     F2806x_GlobalVariableDefs.obj (Cla1RegsFile)

Usb0RegsFile 
*          1    00004000    00000454     UNINITIALIZED
                  00004000    00000454     F2806x_GlobalVariableDefs.obj (Usb0RegsFile)

McbspaRegsFile 
*          1    00005000    00000024     UNINITIALIZED
                  00005000    00000024     F2806x_GlobalVariableDefs.obj (McbspaRegsFile)

ECanaRegsFile 
*          1    00006000    00000034     UNINITIALIZED
                  00006000    00000034     F2806x_GlobalVariableDefs.obj (ECanaRegsFile)

ECanaLAMRegsFile 
*          1    00006040    00000040     UNINITIALIZED
                  00006040    00000040     F2806x_GlobalVariableDefs.obj (ECanaLAMRegsFile)

ECanaMOTSRegsFile 
*          1    00006080    00000040     UNINITIALIZED
                  00006080    00000040     F2806x_GlobalVariableDefs.obj (ECanaMOTSRegsFile)

ECanaMOTORegsFile 
*          1    000060c0    00000040     UNINITIALIZED
                  000060c0    00000040     F2806x_GlobalVariableDefs.obj (ECanaMOTORegsFile)

ECanaMboxesFile 
*          1    00006100    00000100     UNINITIALIZED
                  00006100    00000100     F2806x_GlobalVariableDefs.obj (ECanaMboxesFile)

Comp1RegsFile 
*          1    00006400    00000014     UNINITIALIZED
                  00006400    00000014     F2806x_GlobalVariableDefs.obj (Comp1RegsFile)

Comp2RegsFile 
*          1    00006420    00000014     UNINITIALIZED
                  00006420    00000014     F2806x_GlobalVariableDefs.obj (Comp2RegsFile)

Comp3RegsFile 
*          1    00006440    00000014     UNINITIALIZED
                  00006440    00000014     F2806x_GlobalVariableDefs.obj (Comp3RegsFile)

EPwm1RegsFile 
*          1    00006800    00000040     UNINITIALIZED
                  00006800    00000040     F2806x_GlobalVariableDefs.obj (EPwm1RegsFile)

EPwm2RegsFile 
*          1    00006840    00000040     UNINITIALIZED
                  00006840    00000040     F2806x_GlobalVariableDefs.obj (EPwm2RegsFile)

EPwm3RegsFile 
*          1    00006880    00000040     UNINITIALIZED
                  00006880    00000040     F2806x_GlobalVariableDefs.obj (EPwm3RegsFile)

EPwm4RegsFile 
*          1    000068c0    00000040     UNINITIALIZED
                  000068c0    00000040     F2806x_GlobalVariableDefs.obj (EPwm4RegsFile)

EPwm5RegsFile 
*          1    00006900    00000040     UNINITIALIZED
                  00006900    00000040     F2806x_GlobalVariableDefs.obj (EPwm5RegsFile)

EPwm6RegsFile 
*          1    00006940    00000040     UNINITIALIZED
                  00006940    00000040     F2806x_GlobalVariableDefs.obj (EPwm6RegsFile)

EPwm7RegsFile 
*          1    00006980    00000040     UNINITIALIZED
                  00006980    00000040     F2806x_GlobalVariableDefs.obj (EPwm7RegsFile)

EPwm8RegsFile 
*          1    000069c0    00000040     UNINITIALIZED
                  000069c0    00000040     F2806x_GlobalVariableDefs.obj (EPwm8RegsFile)

ECap1RegsFile 
*          1    00006a00    00000020     UNINITIALIZED
                  00006a00    00000020     F2806x_GlobalVariableDefs.obj (ECap1RegsFile)

ECap2RegsFile 
*          1    00006a20    00000020     UNINITIALIZED
                  00006a20    00000020     F2806x_GlobalVariableDefs.obj (ECap2RegsFile)

ECap3RegsFile 
*          1    00006a40    00000020     UNINITIALIZED
                  00006a40    00000020     F2806x_GlobalVariableDefs.obj (ECap3RegsFile)

HRCap1RegsFile 
*          1    00006ac0    00000020     UNINITIALIZED
                  00006ac0    00000020     F2806x_GlobalVariableDefs.obj (HRCap1RegsFile)

HRCap2RegsFile 
*          1    00006ae0    00000020     UNINITIALIZED
                  00006ae0    00000020     F2806x_GlobalVariableDefs.obj (HRCap2RegsFile)

EQep1RegsFile 
*          1    00006b00    00000022     UNINITIALIZED
                  00006b00    00000022     F2806x_GlobalVariableDefs.obj (EQep1RegsFile)

EQep2RegsFile 
*          1    00006b40    00000022     UNINITIALIZED
                  00006b40    00000022     F2806x_GlobalVariableDefs.obj (EQep2RegsFile)

HRCap3RegsFile 
*          1    00006c80    00000020     UNINITIALIZED
                  00006c80    00000020     F2806x_GlobalVariableDefs.obj (HRCap3RegsFile)

HRCap4RegsFile 
*          1    00006ca0    00000020     UNINITIALIZED
                  00006ca0    00000020     F2806x_GlobalVariableDefs.obj (HRCap4RegsFile)

GpioCtrlRegsFile 
*          1    00006f80    00000040     UNINITIALIZED
                  00006f80    00000040     F2806x_GlobalVariableDefs.obj (GpioCtrlRegsFile)

GpioDataRegsFile 
*          1    00006fc0    00000020     UNINITIALIZED
                  00006fc0    00000020     F2806x_GlobalVariableDefs.obj (GpioDataRegsFile)

GpioIntRegsFile 
*          1    00006fe0    00000020     UNINITIALIZED
                  00006fe0    00000020     F2806x_GlobalVariableDefs.obj (GpioIntRegsFile)

SysCtrlRegsFile 
*          1    00007010    00000030     UNINITIALIZED
                  00007010    00000030     F2806x_GlobalVariableDefs.obj (SysCtrlRegsFile)

SpiaRegsFile 
*          1    00007040    00000010     UNINITIALIZED
                  00007040    00000010     F2806x_GlobalVariableDefs.obj (SpiaRegsFile)

SciaRegsFile 
*          1    00007050    00000010     UNINITIALIZED
                  00007050    00000010     F2806x_GlobalVariableDefs.obj (SciaRegsFile)

NmiIntruptRegsFile 
*          1    00007060    00000010     UNINITIALIZED
                  00007060    00000010     F2806x_GlobalVariableDefs.obj (NmiIntruptRegsFile)

XIntruptRegsFile 
*          1    00007070    00000010     UNINITIALIZED
                  00007070    00000010     F2806x_GlobalVariableDefs.obj (XIntruptRegsFile)

AdcRegsFile 
*          1    00007100    00000050     UNINITIALIZED
                  00007100    00000050     F2806x_GlobalVariableDefs.obj (AdcRegsFile)

SpibRegsFile 
*          1    00007740    00000010     UNINITIALIZED
                  00007740    00000010     F2806x_GlobalVariableDefs.obj (SpibRegsFile)

ScibRegsFile 
*          1    00007750    00000010     UNINITIALIZED
                  00007750    00000010     F2806x_GlobalVariableDefs.obj (ScibRegsFile)

I2caRegsFile 
*          1    00007900    00000022     UNINITIALIZED
                  00007900    00000022     F2806x_GlobalVariableDefs.obj (I2caRegsFile)

PartIdRegsFile 
*          1    003d7e80    00000001     UNINITIALIZED
                  003d7e80    00000001     F2806x_GlobalVariableDefs.obj (PartIdRegsFile)

CsmPwlFile 
*          1    003f7ff8    00000008     UNINITIALIZED
                  003f7ff8    00000008     F2806x_GlobalVariableDefs.obj (CsmPwlFile)

.cinit     0    003f6575    00000054     
                  003f6575    0000003a     Controls.obj (.cinit)
                  003f65af    0000000e     rts2800_fpu32.lib : exit.obj (.cinit)
                  003f65bd    00000005                       : _lock.obj (.cinit:__lock)
                  003f65c2    00000005                       : _lock.obj (.cinit:__unlock)
                  003f65c7    00000002     --HOLE-- [fill = 0]

.pinit     0    003f4000    00000000     UNINITIALIZED

.text      0    003f4000    00002480     
                  003f4000    0000062a     pil_c28_fpu32.lib : probes.obj (.text)
                  003f462a    00000343     Controls.obj (.text)
                  003f496d    00000307     pil_c28_fpu32.lib : pil.obj (.text)
                  003f4c74    0000026b                       : scope.obj (.text)
                  003f4edf    00000239                       : remoteagent.obj (.text)
                  003f5118    00000230                       : seriallink.obj (.text)
                  003f5348    00000210                       : basicservices.obj (.text)
                  003f5558    00000202     pwm_2806x.obj (.text)
                  003f575a    000001fa     dispatcher_2806x.obj (.text)
                  003f5954    000001d7     hal_2806x.obj (.text)
                  003f5b2b    0000014a     power.obj (.text)
                  003f5c75    0000012f     ain_2806x.obj (.text)
                  003f5da4    000000e9     F2806x_DevInit.obj (.text)
                  003f5e8d    000000b0     dispatcher_2806x.obj (.text:retain)
                  003f5f3d    000000a6     qep_2806x.obj (.text)
                  003f5fe3    00000094     dio_2806x.obj (.text)
                  003f6077    00000088     rts2800_fpu32.lib : fs_div.obj (.text)
                  003f60ff    00000084     main.obj (.text)
                  003f6183    0000007d     sci.obj (.text)
                  003f6200    00000066     pil_c28_fpu32.lib : ringbuf.obj (.text)
                  003f6266    00000059     rts2800_fpu32.lib : s_floorf.obj (.text)
                  003f62bf    00000056                       : boot.obj (.text)
                  003f6315    0000004c     gatedriver_rtbox.obj (.text)
                  003f6361    00000046     rts2800_fpu32.lib : cpy_tbl.obj (.text)
                  003f63a7    0000003e     pil_ctrl.obj (.text)
                  003f63e5    00000029     rts2800_fpu32.lib : exit.obj (.text)
                  003f640e    0000001a                       : cpy_utils.obj (.text)
                  003f6428    00000019                       : args_main.obj (.text)
                  003f6441    00000011     Controls_0.obj (.text)
                  003f6452    0000000a     F2806x_DevInit.obj (.text:retain)
                  003f645c    00000009     rts2800_fpu32.lib : _lock.obj (.text)
                  003f6465    00000008     F2806x_CodeStartBranch.obj (.text)
                  003f646d    00000007     pil_c28_fpu32.lib : pil_f28x_dis_int.obj (.text)
                  003f6474    00000006     pil_symbols_c.obj (.text)
                  003f647a    00000003     calib.obj (.text)
                  003f647d    00000002     rts2800_fpu32.lib : pre_init.obj (.text)
                  003f647f    00000001                       : startup.obj (.text)

codestart 
*          0    003f7ff6    00000002     
                  003f7ff6    00000002     F2806x_CodeStartBranch.obj (codestart)

.stack     1    00000050    00000300     UNINITIALIZED
                  00000050    00000300     --HOLE--

.ebss      1    00008002    00000616     UNINITIALIZED
                  00008002    00000028     dispatcher_2806x.obj (.ebss)
                  0000802a    00000006     pwm_2806x.obj (.ebss)
                  00008030    00000006     rts2800_fpu32.lib : exit.obj (.ebss)
                  00008036    00000002                       : _lock.obj (.ebss:__lock)
                  00008038    00000002                       : _lock.obj (.ebss:__unlock)
                  0000803a    00000001     calib.obj (.ebss)
                  0000803b    00000001     pu.obj (.ebss)
                  0000803c    00000004     --HOLE--
                  00008040    000003a0     pil_c28_fpu32.lib : pil.obj (.ebss)
                  000083e0    0000001c     power.obj (.ebss)
                  000083fc    00000004     --HOLE--
                  00008400    00000146     hal_2806x.obj (.ebss)
                  00008546    00000024     main.obj (.ebss)
                  0000856a    00000016     --HOLE--
                  00008580    00000074     Controls.obj (.ebss)
                  000085f4    0000000c     --HOLE--
                  00008600    00000018     dio_2806x.obj (.ebss)

.econst    0    003f6480    000000d6     
                  003f6480    0000006a     Controls.obj (.econst:.string)
                  003f64ea    00000019     pil_symbols_c.obj (.econst:.string:_PIL_D_CompiledDate)
                  003f6503    00000001     --HOLE-- [fill = 0]
                  003f6504    00000018     main.obj (.econst:.string)
                  003f651c    00000010     pil_c28_fpu32.lib : seriallink.obj (.econst:_PIL_SLINK_crc16Lookup)
                  003f652c    0000000e     pil_symbols_c.obj (.econst:.string:_PIL_D_FirmwareDescription)
                  003f653a    00000008     pil_symbols_c.obj (.econst:.string:_PIL_D_Guid)
                  003f6542    00000005     pil_symbols_c.obj (.econst:.string:_PIL_D_CompiledBy)
                  003f6547    00000001     --HOLE-- [fill = 0]
                  003f6548    00000004     Controls.obj (.econst)
                  003f654c    00000004     Controls.obj (.econst:_Controls_taskPeriod)
                  003f6550    00000004     pil_symbols_c.obj (.econst:retain)
                  003f6554    00000002     rts2800_fpu32.lib : s_floorf.obj (.econst)

.reset     0    003fffc0    00000002     DSECT
                  003fffc0    00000002     rts2800_fpu32.lib : boot.obj (.reset)

vectors    0    003fffc2    00000000     DSECT

.csconf    2    00000000    00000218     COPY SECTION
                  00000000    00000001     pil_symbols_p.obj (.econst:retain)
                  00000001    00000001     --HOLE--
                  00000002    00000006     pil_symbols_p.obj (.econst:_PIL_V_PWR_SHandle_calibsAreDirty)
                  00000008    00000006     pil_symbols_p.obj (.econst:_PIL_V_Calibs_dummy)
                  0000000e    00000006     pil_symbols_p.obj (.econst:_PIL_V_PWR_SHandle_gatesActive)
                  00000014    00000006     pil_symbols_p.obj (.econst:_PIL_V_PWR_SHandle_enableReq)
                  0000001a    00000006     pil_symbols_p.obj (.econst:_PIL_V_PWR_SHandle_errorCode)
                  00000020    00000006     pil_symbols_p.obj (.econst:_PIL_V_GdrvObj_drvStat4)
                  00000026    00000006     pil_symbols_p.obj (.econst:_PIL_V_GdrvObj_drvCtrl1)
                  0000002c    00000006     pil_symbols_p.obj (.econst:_PIL_V_GdrvObj_drvStat3)
                  00000032    00000006     pil_symbols_p.obj (.econst:_PIL_V_GdrvObj_drvStat1)
                  00000038    00000006     pil_symbols_p.obj (.econst:_PIL_V_GdrvObj_drvStat2)
                  0000003e    00000006     pil_symbols_p.obj (.econst:_PIL_V_PWR_SHandle_gdrvStatus)
                  00000044    00000006     pil_symbols_p.obj (.econst:_PIL_V_PWR_SHandle_gdrvHandle_drvCtrl9)
                  0000004a    00000006     pil_symbols_p.obj (.econst:_PIL_V_PWR_SHandle_gdrvHandle_drvCtrlA)
                  00000050    00000006     pil_symbols_p.obj (.econst:_PIL_V_PWR_SHandle_gdrvHandle_drvCtrl7)
                  00000056    00000006     pil_symbols_p.obj (.econst:_PIL_V_PWR_SHandle_gdrvHandle_drvCtrl5)
                  0000005c    00000006     pil_symbols_p.obj (.econst:_PIL_V_PWR_SHandle_gdrvHandle_drvCtrl6)
                  00000062    00000006     pil_symbols_p.obj (.econst:_PIL_V_PWR_SHandle_state)
                  00000068    00000006     pil_symbols_p.obj (.econst:_PIL_V_PWR_SHandle_gdrvInitReq)
                  0000006e    00000006     pil_symbols_p.obj (.econst:_PIL_V_PWR_SHandle_pilMode)
                  00000074    00000006     pil_symbols_p.obj (.econst:_PIL_V_PWR_SHandle_gdrvHandle_drvCtrlB)
                  0000007a    00000006     pil_symbols_p.obj (.econst:_PIL_V_PWR_SHandle_gdrvHandle_drvCtrlC)
                  00000080    00000006     pil_symbols_p.obj (.econst:_PIL_V_GdrvHandle_drvCtrl5)
                  00000086    00000006     pil_symbols_p.obj (.econst:_PIL_V_GdrvHandle_drvCtrl6)
                  0000008c    00000006     pil_symbols_p.obj (.econst:_PIL_V_GdrvHandle_drvCtrl2)
                  00000092    00000006     pil_symbols_p.obj (.econst:_PIL_V_GdrvHandle_drvStat4)
                  00000098    00000006     pil_symbols_p.obj (.econst:_PIL_V_GdrvHandle_drvCtrl1)
                  0000009e    00000006     pil_symbols_p.obj (.econst:_PIL_V_GdrvHandle_drvCtrlB)
                  000000a4    00000006     pil_symbols_p.obj (.econst:_PIL_V_GdrvHandle_drvCtrlC)
                  000000aa    00000006     pil_symbols_p.obj (.econst:_PIL_V_GdrvHandle_drvCtrlA)
                  000000b0    00000006     pil_symbols_p.obj (.econst:_PIL_V_GdrvHandle_drvCtrl7)
                  000000b6    00000006     pil_symbols_p.obj (.econst:_PIL_V_GdrvHandle_drvCtrl9)
                  000000bc    00000006     pil_symbols_p.obj (.econst:_PIL_V_GdrvHandle_drvStat3)
                  000000c2    00000006     pil_symbols_p.obj (.econst:_PIL_V_GdrvObj_drvCtrl7)
                  000000c8    00000006     pil_symbols_p.obj (.econst:_PIL_V_GdrvObj_drvCtrl9)
                  000000ce    00000006     pil_symbols_p.obj (.econst:_PIL_V_GdrvObj_drvCtrl6)
                  000000d4    00000006     pil_symbols_p.obj (.econst:_PIL_V_GdrvObj_drvCtrl2)
                  000000da    00000006     pil_symbols_p.obj (.econst:_PIL_V_GdrvObj_drvCtrl5)
                  000000e0    00000006     pil_symbols_p.obj (.econst:_PIL_V_GdrvHandle_drvStat1)
                  000000e6    00000006     pil_symbols_p.obj (.econst:_PIL_V_GdrvHandle_drvStat2)
                  000000ec    00000006     pil_symbols_p.obj (.econst:_PIL_V_GdrvObj_drvCtrlC)
                  000000f2    00000006     pil_symbols_p.obj (.econst:_PIL_V_GdrvObj_drvCtrlA)
                  000000f8    00000006     pil_symbols_p.obj (.econst:_PIL_V_GdrvObj_drvCtrlB)
                  000000fe    00000006     pil_symbols_p.obj (.econst:_PIL_V_PWR_SHandle_gdrvHandle_drvCtrl2)
                  00000104    00000006     pil_symbols_p.obj (.econst:_PIL_V_DisprHandle_thisCntdownTimestamp2)
                  0000010a    00000006     pil_symbols_p.obj (.econst:_PIL_V_DisprHandle_cntdownTimestamp1)
                  00000110    00000006     pil_symbols_p.obj (.econst:_PIL_V_DisprHandle_thisCntdownTimestamp1)
                  00000116    00000006     pil_symbols_p.obj (.econst:_PIL_V_DisprHandle_ctrlPeriod)
                  0000011c    00000006     pil_symbols_p.obj (.econst:_PIL_V_DisprHandle_thisCntdownTimestamp0)
                  00000122    00000006     pil_symbols_p.obj (.econst:_PIL_V_DisprObj_cntdownTimestamp2)
                  00000128    00000006     pil_symbols_p.obj (.econst:_PIL_V_PWR_SObj_gdrvHandle_drvStat4)
                  0000012e    00000006     pil_symbols_p.obj (.econst:_PIL_V_PWR_SObj_gdrvHandle_drvCtrl1)
                  00000134    00000006     pil_symbols_p.obj (.econst:_PIL_V_PWR_SObj_gdrvHandle_drvStat3)
                  0000013a    00000006     pil_symbols_p.obj (.econst:_PIL_V_PWR_SObj_gdrvHandle_drvStat1)
                  00000140    00000006     pil_symbols_p.obj (.econst:_PIL_V_PWR_SObj_gdrvHandle_drvStat2)
                  00000146    00000006     pil_symbols_p.obj (.econst:_PIL_V_PWM_SObj_cmp_CMP5)
                  0000014c    00000006     pil_symbols_p.obj (.econst:_PIL_V_PWM_SObj_cmp_CMP6)
                  00000152    00000006     pil_symbols_p.obj (.econst:_PIL_V_PWM_SObj_cmp_CMP4)
                  00000158    00000006     pil_symbols_p.obj (.econst:_PIL_V_PWM_SObj_cmp_CMP2)
                  0000015e    00000006     pil_symbols_p.obj (.econst:_PIL_V_PWM_SObj_cmp_CMP3)
                  00000164    00000006     pil_symbols_p.obj (.econst:_PIL_V_PWM_SObj_cmp_CMP1)
                  0000016a    00000006     pil_symbols_p.obj (.econst:_PIL_V_DisprObj_cntdownTimestamp1)
                  00000170    00000006     pil_symbols_p.obj (.econst:_PIL_V_DisprHandle_cntdownTimestamp2)
                  00000176    00000006     pil_symbols_p.obj (.econst:_PIL_V_DisprObj_thisCntdownTimestamp2)
                  0000017c    00000006     pil_symbols_p.obj (.econst:_PIL_V_DisprObj_thisCntdownTimestamp0)
                  00000182    00000006     pil_symbols_p.obj (.econst:_PIL_V_DisprObj_thisCntdownTimestamp1)
                  00000188    00000006     pil_symbols_p.obj (.econst:_PIL_V_PWR_SObj_errorCode)
                  0000018e    00000006     pil_symbols_p.obj (.econst:_PIL_V_PWR_SObj_gatesActive)
                  00000194    00000006     pil_symbols_p.obj (.econst:_PIL_V_PWR_SObj_enableReq)
                  0000019a    00000006     pil_symbols_p.obj (.econst:_PIL_V_PWR_SObj_gdrvInitReq)
                  000001a0    00000006     pil_symbols_p.obj (.econst:_PIL_V_PWR_SObj_gdrvStatus)
                  000001a6    00000006     pil_symbols_p.obj (.econst:_PIL_V_PWR_SObj_state)
                  000001ac    00000006     pil_symbols_p.obj (.econst:_PIL_V_PWR_SHandle_gdrvHandle_drvStat4)
                  000001b2    00000006     pil_symbols_p.obj (.econst:_PIL_V_PWR_SHandle_gdrvHandle_drvCtrl1)
                  000001b8    00000006     pil_symbols_p.obj (.econst:_PIL_V_PWR_SHandle_gdrvHandle_drvStat3)
                  000001be    00000006     pil_symbols_p.obj (.econst:_PIL_V_PWR_SHandle_gdrvHandle_drvStat1)
                  000001c4    00000006     pil_symbols_p.obj (.econst:_PIL_V_PWR_SHandle_gdrvHandle_drvStat2)
                  000001ca    00000006     pil_symbols_p.obj (.econst:_PIL_V_DisprObj_ctrlPeriod)
                  000001d0    00000006     pil_symbols_p.obj (.econst:_PIL_V_PWR_SObj_gdrvHandle_drvCtrl9)
                  000001d6    00000006     pil_symbols_p.obj (.econst:_PIL_V_PWR_SObj_gdrvHandle_drvCtrl7)
                  000001dc    00000006     pil_symbols_p.obj (.econst:_PIL_V_PWR_SObj_gdrvHandle_drvCtrl5)
                  000001e2    00000006     pil_symbols_p.obj (.econst:_PIL_V_PWR_SObj_gdrvHandle_drvCtrl6)
                  000001e8    00000006     pil_symbols_p.obj (.econst:_PIL_V_PWR_SObj_pilMode)
                  000001ee    00000006     pil_symbols_p.obj (.econst:_PIL_V_PWR_SObj_calibsAreDirty)
                  000001f4    00000006     pil_symbols_p.obj (.econst:_PIL_V_PWR_SObj_gdrvHandle_drvCtrlC)
                  000001fa    00000006     pil_symbols_p.obj (.econst:_PIL_V_PWR_SObj_gdrvHandle_drvCtrlA)
                  00000200    00000006     pil_symbols_p.obj (.econst:_PIL_V_PWR_SObj_gdrvHandle_drvCtrlB)
                  00000206    00000006     pil_symbols_p.obj (.econst:_PIL_V_PWR_SObj_gdrvHandle_drvCtrl2)
                  0000020c    00000008     pil_symbols_p.obj (.econst:_PIL_WA_Calibs_dummy)
                  00000214    00000004     pil_symbols_p.obj (.econst:.string)

MODULE SUMMARY

       Module                          code   ro data   rw data
       ------                          ----   -------   -------
    ./output/
       F2806x_GlobalVariableDefs.obj   0      0         3550   
       Controls.obj                    835    0         288    
       hal_2806x.obj                   471    0         326    
       dispatcher_2806x.obj            682    0         40     
       pwm_2806x.obj                   514    0         6      
       power.obj                       330    0         28     
       ain_2806x.obj                   303    0         0      
       F2806x_DevInit.obj              297    0         0      
       main.obj                        132    0         60     
       dio_2806x.obj                   148    0         24     
       qep_2806x.obj                   166    0         0      
       sci.obj                         125    0         0      
       gatedriver_rtbox.obj            76     0         0      
       pil_ctrl.obj                    62     0         0      
       pil_symbols_c.obj               6      0         56     
       Controls_0.obj                  17     0         0      
       F2806x_CodeStartBranch.obj      10     0         0      
       F2806x_usDelay.obj              8      0         0      
       calib.obj                       3      0         1      
       pu.obj                          0      0         1      
    +--+-------------------------------+------+---------+---------+
       Total:                          4185   0         4380   
                                                               
    /Users/beat/Desktop/Work/plecscoder/lua/TI_F2806x/bin/mac/c2000/LIB/rts2800_fpu32.lib
       fs_div.obj                      136    0         0      
       s_floorf.obj                    89     0         2      
       boot.obj                        86     0         0      
       cpy_tbl.obj                     70     0         0      
       exit.obj                        41     0         20     
       cpy_utils.obj                   26     0         0      
       args_main.obj                   25     0         0      
       _lock.obj                       9      0         14     
       pre_init.obj                    2      0         0      
       startup.obj                     1      0         0      
    +--+-------------------------------+------+---------+---------+
       Total:                          485    0         36     
                                                               
    /Users/beat/Desktop/Work/plecscoder/lua/TI_F2806x/pil/pil_c28_fpu32.lib
       pil.obj                         775    0         928    
       probes.obj                      1578   0         0      
       scope.obj                       619    0         0      
       seriallink.obj                  560    0         16     
       remoteagent.obj                 569    0         0      
       basicservices.obj               528    0         0      
       ringbuf.obj                     102    0         0      
       pil_f28x_dis_int.obj            7      0         0      
    +--+-------------------------------+------+---------+---------+
       Total:                          4738   0         944    
                                                               
       Stack:                          0      0         768    
    +--+-------------------------------+------+---------+---------+
       Grand Total:                    9408   0         6128   


GLOBAL DATA SYMBOLS: SORTED BY DATA PAGE

address     data page           name
--------    ----------------    ----
00000000       0 (00000000)     _PIL_C_ProcessorPartNumber
00000002       0 (00000000)     _PIL_V_PWR_SHandle_calibsAreDirty
00000008       0 (00000000)     _PIL_V_Calibs_dummy
0000000e       0 (00000000)     _PIL_V_PWR_SHandle_gatesActive
00000014       0 (00000000)     _PIL_V_PWR_SHandle_enableReq
0000001a       0 (00000000)     _PIL_V_PWR_SHandle_errorCode
00000020       0 (00000000)     _PIL_V_GdrvObj_drvStat4
00000026       0 (00000000)     _PIL_V_GdrvObj_drvCtrl1
0000002c       0 (00000000)     _PIL_V_GdrvObj_drvStat3
00000032       0 (00000000)     _PIL_V_GdrvObj_drvStat1
00000038       0 (00000000)     _PIL_V_GdrvObj_drvStat2
0000003e       0 (00000000)     _PIL_V_PWR_SHandle_gdrvStatus

00000044       1 (00000040)     _PIL_V_PWR_SHandle_gdrvHandle_drvCtrl9
0000004a       1 (00000040)     _PIL_V_PWR_SHandle_gdrvHandle_drvCtrlA
00000050       1 (00000040)     _PIL_V_PWR_SHandle_gdrvHandle_drvCtrl7
00000050       1 (00000040)     __stack
00000056       1 (00000040)     _PIL_V_PWR_SHandle_gdrvHandle_drvCtrl5
0000005c       1 (00000040)     _PIL_V_PWR_SHandle_gdrvHandle_drvCtrl6
00000062       1 (00000040)     _PIL_V_PWR_SHandle_state
00000068       1 (00000040)     _PIL_V_PWR_SHandle_gdrvInitReq
0000006e       1 (00000040)     _PIL_V_PWR_SHandle_pilMode
00000074       1 (00000040)     _PIL_V_PWR_SHandle_gdrvHandle_drvCtrlB
0000007a       1 (00000040)     _PIL_V_PWR_SHandle_gdrvHandle_drvCtrlC

00000080       2 (00000080)     _PIL_V_GdrvHandle_drvCtrl5
00000086       2 (00000080)     _PIL_V_GdrvHandle_drvCtrl6
0000008c       2 (00000080)     _PIL_V_GdrvHandle_drvCtrl2
00000092       2 (00000080)     _PIL_V_GdrvHandle_drvStat4
00000098       2 (00000080)     _PIL_V_GdrvHandle_drvCtrl1
0000009e       2 (00000080)     _PIL_V_GdrvHandle_drvCtrlB
000000a4       2 (00000080)     _PIL_V_GdrvHandle_drvCtrlC
000000aa       2 (00000080)     _PIL_V_GdrvHandle_drvCtrlA
000000b0       2 (00000080)     _PIL_V_GdrvHandle_drvCtrl7
000000b6       2 (00000080)     _PIL_V_GdrvHandle_drvCtrl9
000000bc       2 (00000080)     _PIL_V_GdrvHandle_drvStat3

000000c2       3 (000000c0)     _PIL_V_GdrvObj_drvCtrl7
000000c8       3 (000000c0)     _PIL_V_GdrvObj_drvCtrl9
000000ce       3 (000000c0)     _PIL_V_GdrvObj_drvCtrl6
000000d4       3 (000000c0)     _PIL_V_GdrvObj_drvCtrl2
000000da       3 (000000c0)     _PIL_V_GdrvObj_drvCtrl5
000000e0       3 (000000c0)     _PIL_V_GdrvHandle_drvStat1
000000e6       3 (000000c0)     _PIL_V_GdrvHandle_drvStat2
000000ec       3 (000000c0)     _PIL_V_GdrvObj_drvCtrlC
000000f2       3 (000000c0)     _PIL_V_GdrvObj_drvCtrlA
000000f8       3 (000000c0)     _PIL_V_GdrvObj_drvCtrlB
000000fe       3 (000000c0)     _PIL_V_PWR_SHandle_gdrvHandle_drvCtrl2

00000104       4 (00000100)     _PIL_V_DisprHandle_thisCntdownTimestamp2
0000010a       4 (00000100)     _PIL_V_DisprHandle_cntdownTimestamp1
00000110       4 (00000100)     _PIL_V_DisprHandle_thisCntdownTimestamp1
00000116       4 (00000100)     _PIL_V_DisprHandle_ctrlPeriod
0000011c       4 (00000100)     _PIL_V_DisprHandle_thisCntdownTimestamp0
00000122       4 (00000100)     _PIL_V_DisprObj_cntdownTimestamp2
00000128       4 (00000100)     _PIL_V_PWR_SObj_gdrvHandle_drvStat4
0000012e       4 (00000100)     _PIL_V_PWR_SObj_gdrvHandle_drvCtrl1
00000134       4 (00000100)     _PIL_V_PWR_SObj_gdrvHandle_drvStat3
0000013a       4 (00000100)     _PIL_V_PWR_SObj_gdrvHandle_drvStat1

00000140       5 (00000140)     _PIL_V_PWR_SObj_gdrvHandle_drvStat2
00000146       5 (00000140)     _PIL_V_PWM_SObj_cmp_CMP5
0000014c       5 (00000140)     _PIL_V_PWM_SObj_cmp_CMP6
00000152       5 (00000140)     _PIL_V_PWM_SObj_cmp_CMP4
00000158       5 (00000140)     _PIL_V_PWM_SObj_cmp_CMP2
0000015e       5 (00000140)     _PIL_V_PWM_SObj_cmp_CMP3
00000164       5 (00000140)     _PIL_V_PWM_SObj_cmp_CMP1
0000016a       5 (00000140)     _PIL_V_DisprObj_cntdownTimestamp1
00000170       5 (00000140)     _PIL_V_DisprHandle_cntdownTimestamp2
00000176       5 (00000140)     _PIL_V_DisprObj_thisCntdownTimestamp2
0000017c       5 (00000140)     _PIL_V_DisprObj_thisCntdownTimestamp0

00000182       6 (00000180)     _PIL_V_DisprObj_thisCntdownTimestamp1
00000188       6 (00000180)     _PIL_V_PWR_SObj_errorCode
0000018e       6 (00000180)     _PIL_V_PWR_SObj_gatesActive
00000194       6 (00000180)     _PIL_V_PWR_SObj_enableReq
0000019a       6 (00000180)     _PIL_V_PWR_SObj_gdrvInitReq
000001a0       6 (00000180)     _PIL_V_PWR_SObj_gdrvStatus
000001a6       6 (00000180)     _PIL_V_PWR_SObj_state
000001ac       6 (00000180)     _PIL_V_PWR_SHandle_gdrvHandle_drvStat4
000001b2       6 (00000180)     _PIL_V_PWR_SHandle_gdrvHandle_drvCtrl1
000001b8       6 (00000180)     _PIL_V_PWR_SHandle_gdrvHandle_drvStat3
000001be       6 (00000180)     _PIL_V_PWR_SHandle_gdrvHandle_drvStat1

000001c4       7 (000001c0)     _PIL_V_PWR_SHandle_gdrvHandle_drvStat2
000001ca       7 (000001c0)     _PIL_V_DisprObj_ctrlPeriod
000001d0       7 (000001c0)     _PIL_V_PWR_SObj_gdrvHandle_drvCtrl9
000001d6       7 (000001c0)     _PIL_V_PWR_SObj_gdrvHandle_drvCtrl7
000001dc       7 (000001c0)     _PIL_V_PWR_SObj_gdrvHandle_drvCtrl5
000001e2       7 (000001c0)     _PIL_V_PWR_SObj_gdrvHandle_drvCtrl6
000001e8       7 (000001c0)     _PIL_V_PWR_SObj_pilMode
000001ee       7 (000001c0)     _PIL_V_PWR_SObj_calibsAreDirty
000001f4       7 (000001c0)     _PIL_V_PWR_SObj_gdrvHandle_drvCtrlC
000001fa       7 (000001c0)     _PIL_V_PWR_SObj_gdrvHandle_drvCtrlA

00000200       8 (00000200)     _PIL_V_PWR_SObj_gdrvHandle_drvCtrlB
00000206       8 (00000200)     _PIL_V_PWR_SObj_gdrvHandle_drvCtrl2
0000020c       8 (00000200)     _PIL_WA_Calibs_dummy

00000880      22 (00000880)     _DevEmuRegs

00000985      26 (00000980)     _SysPwrCtrlRegs

00000a80      2a (00000a80)     _FlashRegs

00000ae0      2b (00000ac0)     _CsmRegs

00000b00      2c (00000b00)     _AdcResult

00000c00      30 (00000c00)     _CpuTimer0Regs
00000c08      30 (00000c00)     _CpuTimer1Regs
00000c10      30 (00000c00)     _CpuTimer2Regs

00000ce0      33 (00000cc0)     _PieCtrlRegs

00000d00      34 (00000d00)     _EmuKey
00000d00      34 (00000d00)     _PieVectTable
00000d01      34 (00000d00)     _EmuBMode
00000d02      34 (00000d00)     _Flash_CallbackPtr
00000d04      34 (00000d00)     _Flash_CPUScaleFactor

00001000      40 (00001000)     _DmaRegs

00001400      50 (00001400)     _Cla1Regs

00004000     100 (00004000)     _Usb0Regs

00005000     140 (00005000)     _McbspaRegs

00006000     180 (00006000)     _ECanaRegs

00006040     181 (00006040)     _ECanaLAMRegs

00006080     182 (00006080)     _ECanaMOTSRegs

000060c0     183 (000060c0)     _ECanaMOTORegs

00006100     184 (00006100)     _ECanaMboxes

00006400     190 (00006400)     _Comp1Regs
00006420     190 (00006400)     _Comp2Regs

00006440     191 (00006440)     _Comp3Regs

00006800     1a0 (00006800)     _EPwm1Regs

00006840     1a1 (00006840)     _EPwm2Regs

00006880     1a2 (00006880)     _EPwm3Regs

000068c0     1a3 (000068c0)     _EPwm4Regs

00006900     1a4 (00006900)     _EPwm5Regs

00006940     1a5 (00006940)     _EPwm6Regs

00006980     1a6 (00006980)     _EPwm7Regs

000069c0     1a7 (000069c0)     _EPwm8Regs

00006a00     1a8 (00006a00)     _ECap1Regs
00006a20     1a8 (00006a00)     _ECap2Regs

00006a40     1a9 (00006a40)     _ECap3Regs

00006ac0     1ab (00006ac0)     _HRCap1Regs
00006ae0     1ab (00006ac0)     _HRCap2Regs

00006b00     1ac (00006b00)     _EQep1Regs

00006b40     1ad (00006b40)     _EQep2Regs

00006c80     1b2 (00006c80)     _HRCap3Regs
00006ca0     1b2 (00006c80)     _HRCap4Regs

00006f80     1be (00006f80)     _GpioCtrlRegs

00006fc0     1bf (00006fc0)     _GpioDataRegs
00006fe0     1bf (00006fc0)     _GpioIntRegs

00007010     1c0 (00007000)     _SysCtrlRegs

00007040     1c1 (00007040)     _SpiaRegs
00007050     1c1 (00007040)     _SciaRegs
00007060     1c1 (00007040)     _NmiIntruptRegs
00007070     1c1 (00007040)     _XIntruptRegs

00007100     1c4 (00007100)     _AdcRegs

00007740     1dd (00007740)     _SpibRegs
00007750     1dd (00007740)     _ScibRegs

00007900     1e4 (00007900)     _I2caRegs

00008002     200 (00008000)     _DisprHandle
00008004     200 (00008000)     _DisprObj
0000802a     200 (00008000)     _PWM_SObj
00008030     200 (00008000)     ___TI_enable_exit_profile_output
00008032     200 (00008000)     ___TI_cleanup_ptr
00008034     200 (00008000)     ___TI_dtors_ptr
00008036     200 (00008000)     __lock
00008038     200 (00008000)     __unlock
0000803a     200 (00008000)     _Calibs
0000803b     200 (00008000)     _PuVars

000083e2     20f (000083c0)     _PWR_SObj

00008400     210 (00008400)     _HAL_SObj

00008546     215 (00008540)     _GdrvHandle
00008548     215 (00008540)     _DoutDrvEnableObj
0000854e     215 (00008540)     _GdrvObj

00008581     216 (00008580)     _Controls_X
00008584     216 (00008580)     _Controls_errorStatus
000085a2     216 (00008580)     _Controls_B

003d7e80    f5fa (003d7e80)     _PartIdRegs

003f64ea    fd93 (003f64c0)     _PIL_D_CompiledDate

003f651c    fd94 (003f6500)     _PIL_SLINK_crc16Lookup
003f652c    fd94 (003f6500)     _PIL_D_FirmwareDescription
003f653a    fd94 (003f6500)     _PIL_D_Guid

003f6542    fd95 (003f6540)     _PIL_D_CompiledBy
003f6548    fd95 (003f6540)     _Controls_checksum
003f654a    fd95 (003f6540)     _Controls_sampleTime
003f6550    fd95 (003f6540)     _PIL_D_FrameworkVersion
003f6551    fd95 (003f6540)     _PIL_D_StationAddress
003f6552    fd95 (003f6540)     _PIL_D_BaudRate

003f7ff8    fdff (003f7fc0)     _CsmPwl


GLOBAL SYMBOLS: SORTED ALPHABETICALLY BY Name 

page  address   name                                    
----  -------   ----                                    
0     003f4000  .text                                   
0     003f63e5  C$$EXIT                                 
0     003f6077  FS$$DIV                                 
0     003f5cb3  _AIN_configure                          
0     003f5d43  _AIN_getIn                              
0     003f5c97  _AIN_getRegisterBase                    
0     003f5cac  _AIN_init                               
0     003f5cfd  _AIN_resetChannelSetup                  
0     003f5ca0  _AIN_setDefaultAdcParams                
0     003f5cf3  _AIN_setDefaultChannelParams            
0     003f5d13  _AIN_setupChannel                       
0     003f5c75  _AIN_sinit                              
1     00007100  _AdcRegs                                
1     00000b00  _AdcResult                              
1     0000803a  _Calibs                                 
1     00001400  _Cla1Regs                               
1     00006400  _Comp1Regs                              
1     00006420  _Comp2Regs                              
1     00006440  _Comp3Regs                              
0     003f6450  _Controls_0_cScriptDerivative           
0     003f6442  _Controls_0_cScriptOutput               
0     003f6441  _Controls_0_cScriptStart                
0     003f6451  _Controls_0_cScriptTerminate            
0     003f644f  _Controls_0_cScriptUpdate               
1     000085a2  _Controls_B                             
1     00008581  _Controls_X                             
0     003f6548  _Controls_checksum                      
1     00008584  _Controls_errorStatus                   
0     003f462a  _Controls_initialize                    
0     003f654a  _Controls_sampleTime                    
0     003f47d0  _Controls_step                          
0     003f495f  _Controls_terminate                     
1     00000c00  _CpuTimer0Regs                          
1     00000c08  _CpuTimer1Regs                          
1     00000c10  _CpuTimer2Regs                          
1     003f7ff8  _CsmPwl                                 
1     00000ae0  _CsmRegs                                
0     003f6009  _DIO_configureIn                        
0     003f600e  _DIO_configureOut                       
0     003f6002  _DIO_init                               
0     003f5ffa  _DIO_obtainDummyRead                    
0     003f5ff7  _DIO_obtainDummyWrite                   
0     003f5fe3  _DIO_sinit                              
0     003f5953  _DISPR_background                       
0     003f5762  _DISPR_configure                        
0     003f578f  _DISPR_powerupDelayIsActive             
0     003f5851  _DISPR_reset                            
0     003f5789  _DISPR_setPowerupDelayMs                
0     003f57cf  _DISPR_setTriggerByAdcViaPwm            
0     003f5799  _DISPR_setTriggerByAdcViaTimer          
0     003f582d  _DISPR_setTriggerByPwm                  
0     003f5811  _DISPR_setTriggerByTimer                
0     003f575a  _DISPR_sinit                            
0     003f5857  _DISPR_start                            
0     003f5941  _DISPR_stop                             
0     0000881b  _DSP28x_usDelay                         
1     00000880  _DevEmuRegs                             
0     003f5da4  _DeviceInit                             
1     00008002  _DisprHandle                            
1     00008004  _DisprObj                               
1     00001000  _DmaRegs                                
1     00008548  _DoutDrvEnableObj                       
1     00006040  _ECanaLAMRegs                           
1     000060c0  _ECanaMOTORegs                          
1     00006080  _ECanaMOTSRegs                          
1     00006100  _ECanaMboxes                            
1     00006000  _ECanaRegs                              
1     00006a00  _ECap1Regs                              
1     00006a20  _ECap2Regs                              
1     00006a40  _ECap3Regs                              
1     00006800  _EPwm1Regs                              
1     00006840  _EPwm2Regs                              
1     00006880  _EPwm3Regs                              
1     000068c0  _EPwm4Regs                              
1     00006900  _EPwm5Regs                              
1     00006940  _EPwm6Regs                              
1     00006980  _EPwm7Regs                              
1     000069c0  _EPwm8Regs                              
1     00006b00  _EQep1Regs                              
1     00006b40  _EQep2Regs                              
1     00000d01  _EmuBMode                               
1     00000d00  _EmuKey                                 
0     003f5dfc  _ExtOscSel                              
1     00000a80  _FlashRegs                              
1     00000d04  _Flash_CPUScaleFactor                   
1     00000d02  _Flash_CallbackPtr                      
0     003f632e  _GDRV_assignPin                         
0     003f632a  _GDRV_assignSpiPort                     
0     003f634b  _GDRV_disable                           
0     003f6343  _GDRV_enable                            
0     003f6352  _GDRV_hasFaulted                        
0     003f6315  _GDRV_init                              
0     003f633a  _GDRV_powerup                           
0     003f6341  _GDRV_setup                             
1     00008546  _GdrvHandle                             
1     0000854e  _GdrvObj                                
1     00006f80  _GpioCtrlRegs                           
1     00006fc0  _GpioDataRegs                           
1     00006fe0  _GpioIntRegs                            
1     00008400  _HAL_SObj                               
0     003f5b0a  _HAL_configure                          
0     003f5a34  _HAL_getDefaultAdcParams                
0     003f5a56  _HAL_getDefaultAinChannelParams         
0     003f5abb  _HAL_getDefaultPwmParams                
0     003f5b1b  _HAL_getHighestSocConfigured            
0     003f5b0d  _HAL_getLowestPwmResourceConfigured     
0     003f5a3b  _HAL_setupAdc                           
0     003f5a5d  _HAL_setupAnalogIn                      
0     003f5a92  _HAL_setupAnalogInF                     
0     003f5a22  _HAL_setupDigitalIn                     
0     003f5a0f  _HAL_setupDigitalOut                    
0     003f5acf  _HAL_setupPwmOut                        
0     003f5af7  _HAL_setupQep                           
0     003f5954  _HAL_sinit                              
1     00006ac0  _HRCap1Regs                             
1     00006ae0  _HRCap2Regs                             
1     00006c80  _HRCap3Regs                             
1     00006ca0  _HRCap4Regs                             
1     00007900  _I2caRegs                               
0     003f6452  _ISR_ILLEGAL                            
0     003f647a  _InitCalib                              
0     00008800  _InitFlash                              
0     003f5dd8  _IntOsc1Sel                             
0     003f5de8  _IntOsc2Sel                             
1     00005000  _McbspaRegs                             
0     003f5e81  _MemCopy                                
1     00007060  _NmiIntruptRegs                         
0     003f5348  _PIL_BSRVS_init                         
0     003f53c4  _PIL_BSRVS_messageHandler               
0     003f5360  _PIL_BSRVS_setWriteInterlockHandler     
0     00000000  _PIL_C_ProcessorPartNumber              
0     003f6552  _PIL_D_BaudRate                         
0     003f6542  _PIL_D_CompiledBy                       
0     003f64ea  _PIL_D_CompiledDate                     
0     003f652c  _PIL_D_FirmwareDescription              
0     003f6550  _PIL_D_FrameworkVersion                 
0     003f653a  _PIL_D_Guid                             
0     003f6551  _PIL_D_StationAddress                   
0     003f646d  _PIL_DisableInt                         
0     003f404b  _PIL_PROBES_getActualPilMode            
0     003f4063  _PIL_PROBES_getActualPilStep            
0     003f4053  _PIL_PROBES_getDesiredPilMode           
0     003f406c  _PIL_PROBES_getDesiredPilStep           
0     003f405b  _PIL_PROBES_getPreviousPilMode          
0     003f4000  _PIL_PROBES_init                        
0     003f41a3  _PIL_PROBES_messageHandler              
0     003f402a  _PIL_PROBES_setActualPilMode            
0     003f4041  _PIL_PROBES_setActualPilStep            
0     003f4038  _PIL_PROBES_setDesiredPilMode           
0     003f4f48  _PIL_RA_init                            
0     003f4977  _PIL_RA_parallelIn                      
0     003f5012  _PIL_RA_parallelIn_p                    
0     003f4987  _PIL_RA_parallelOut                     
0     003f503d  _PIL_RA_parallelOut_p                   
0     003f50bc  _PIL_RA_pollLinkReq                     
0     003f5060  _PIL_RA_pollLinkRsp                     
0     003f4fbe  _PIL_RA_registerService                 
0     003f4999  _PIL_RA_serialIn                        
0     003f4fe3  _PIL_RA_serialIn_p                      
0     003f49a7  _PIL_RA_serialOut                       
0     003f49b6  _PIL_RA_serialOutIsSynchronized         
0     003f5006  _PIL_RA_serialOutIsSynchronized_p       
0     003f4ff0  _PIL_RA_serialOut_p                     
0     003f4f95  _PIL_RA_setGuid                         
0     003f4faf  _PIL_RA_setNodeAddress                  
0     003f620b  _PIL_RBUF_isEmpty                       
0     003f6244  _PIL_RBUF_pop                           
0     003f6219  _PIL_RBUF_push                          
0     003f6200  _PIL_RBUF_reset                         
0     003f6471  _PIL_RestoreInt                         
0     003f4c91  _PIL_SCOPE_init                         
0     003f4dd6  _PIL_SCOPE_messageHandler               
0     003f49c3  _PIL_SCOPE_sample                       
0     003f4cb8  _PIL_SCOPE_sample_p                     
0     003f4ca8  _PIL_SCOPE_setBuffer                    
0     003f49d0  _PIL_SCOPE_trigger                      
0     003f4d16  _PIL_SCOPE_trigger_p                    
0     003f651c  _PIL_SLINK_crc16Lookup                  
0     003f5140  _PIL_SLINK_in                           
0     003f5118  _PIL_SLINK_init                         
0     003f514b  _PIL_SLINK_out                          
0     003f5187  _PIL_SLINK_outBufIsEmpty                
0     003f5179  _PIL_SLINK_outIsSynchronized            
0     003f52c2  _PIL_SLINK_receive                      
0     003f52a2  _PIL_SLINK_send                         
0     00000008  _PIL_V_Calibs_dummy                     
0     0000010a  _PIL_V_DisprHandle_cntdownTimestamp1    
0     00000170  _PIL_V_DisprHandle_cntdownTimestamp2    
0     00000116  _PIL_V_DisprHandle_ctrlPeriod           
0     0000011c  _PIL_V_DisprHandle_thisCntdownTimestamp0
0     00000110  _PIL_V_DisprHandle_thisCntdownTimestamp1
0     00000104  _PIL_V_DisprHandle_thisCntdownTimestamp2
0     0000016a  _PIL_V_DisprObj_cntdownTimestamp1       
0     00000122  _PIL_V_DisprObj_cntdownTimestamp2       
0     000001ca  _PIL_V_DisprObj_ctrlPeriod              
0     0000017c  _PIL_V_DisprObj_thisCntdownTimestamp0   
0     00000182  _PIL_V_DisprObj_thisCntdownTimestamp1   
0     00000176  _PIL_V_DisprObj_thisCntdownTimestamp2   
0     00000098  _PIL_V_GdrvHandle_drvCtrl1              
0     0000008c  _PIL_V_GdrvHandle_drvCtrl2              
0     00000080  _PIL_V_GdrvHandle_drvCtrl5              
0     00000086  _PIL_V_GdrvHandle_drvCtrl6              
0     000000b0  _PIL_V_GdrvHandle_drvCtrl7              
0     000000b6  _PIL_V_GdrvHandle_drvCtrl9              
0     000000aa  _PIL_V_GdrvHandle_drvCtrlA              
0     0000009e  _PIL_V_GdrvHandle_drvCtrlB              
0     000000a4  _PIL_V_GdrvHandle_drvCtrlC              
0     000000e0  _PIL_V_GdrvHandle_drvStat1              
0     000000e6  _PIL_V_GdrvHandle_drvStat2              
0     000000bc  _PIL_V_GdrvHandle_drvStat3              
0     00000092  _PIL_V_GdrvHandle_drvStat4              
0     00000026  _PIL_V_GdrvObj_drvCtrl1                 
0     000000d4  _PIL_V_GdrvObj_drvCtrl2                 
0     000000da  _PIL_V_GdrvObj_drvCtrl5                 
0     000000ce  _PIL_V_GdrvObj_drvCtrl6                 
0     000000c2  _PIL_V_GdrvObj_drvCtrl7                 
0     000000c8  _PIL_V_GdrvObj_drvCtrl9                 
0     000000f2  _PIL_V_GdrvObj_drvCtrlA                 
0     000000f8  _PIL_V_GdrvObj_drvCtrlB                 
0     000000ec  _PIL_V_GdrvObj_drvCtrlC                 
0     00000032  _PIL_V_GdrvObj_drvStat1                 
0     00000038  _PIL_V_GdrvObj_drvStat2                 
0     0000002c  _PIL_V_GdrvObj_drvStat3                 
0     00000020  _PIL_V_GdrvObj_drvStat4                 
0     00000164  _PIL_V_PWM_SObj_cmp_CMP1                
0     00000158  _PIL_V_PWM_SObj_cmp_CMP2                
0     0000015e  _PIL_V_PWM_SObj_cmp_CMP3                
0     00000152  _PIL_V_PWM_SObj_cmp_CMP4                
0     00000146  _PIL_V_PWM_SObj_cmp_CMP5                
0     0000014c  _PIL_V_PWM_SObj_cmp_CMP6                
0     00000002  _PIL_V_PWR_SHandle_calibsAreDirty       
0     00000014  _PIL_V_PWR_SHandle_enableReq            
0     0000001a  _PIL_V_PWR_SHandle_errorCode            
0     0000000e  _PIL_V_PWR_SHandle_gatesActive          
0     000001b2  _PIL_V_PWR_SHandle_gdrvHandle_drvCtrl1  
0     000000fe  _PIL_V_PWR_SHandle_gdrvHandle_drvCtrl2  
0     00000056  _PIL_V_PWR_SHandle_gdrvHandle_drvCtrl5  
0     0000005c  _PIL_V_PWR_SHandle_gdrvHandle_drvCtrl6  
0     00000050  _PIL_V_PWR_SHandle_gdrvHandle_drvCtrl7  
0     00000044  _PIL_V_PWR_SHandle_gdrvHandle_drvCtrl9  
0     0000004a  _PIL_V_PWR_SHandle_gdrvHandle_drvCtrlA  
0     00000074  _PIL_V_PWR_SHandle_gdrvHandle_drvCtrlB  
0     0000007a  _PIL_V_PWR_SHandle_gdrvHandle_drvCtrlC  
0     000001be  _PIL_V_PWR_SHandle_gdrvHandle_drvStat1  
0     000001c4  _PIL_V_PWR_SHandle_gdrvHandle_drvStat2  
0     000001b8  _PIL_V_PWR_SHandle_gdrvHandle_drvStat3  
0     000001ac  _PIL_V_PWR_SHandle_gdrvHandle_drvStat4  
0     00000068  _PIL_V_PWR_SHandle_gdrvInitReq          
0     0000003e  _PIL_V_PWR_SHandle_gdrvStatus           
0     0000006e  _PIL_V_PWR_SHandle_pilMode              
0     00000062  _PIL_V_PWR_SHandle_state                
0     000001ee  _PIL_V_PWR_SObj_calibsAreDirty          
0     00000194  _PIL_V_PWR_SObj_enableReq               
0     00000188  _PIL_V_PWR_SObj_errorCode               
0     0000018e  _PIL_V_PWR_SObj_gatesActive             
0     0000012e  _PIL_V_PWR_SObj_gdrvHandle_drvCtrl1     
0     00000206  _PIL_V_PWR_SObj_gdrvHandle_drvCtrl2     
0     000001dc  _PIL_V_PWR_SObj_gdrvHandle_drvCtrl5     
0     000001e2  _PIL_V_PWR_SObj_gdrvHandle_drvCtrl6     
0     000001d6  _PIL_V_PWR_SObj_gdrvHandle_drvCtrl7     
0     000001d0  _PIL_V_PWR_SObj_gdrvHandle_drvCtrl9     
0     000001fa  _PIL_V_PWR_SObj_gdrvHandle_drvCtrlA     
0     00000200  _PIL_V_PWR_SObj_gdrvHandle_drvCtrlB     
0     000001f4  _PIL_V_PWR_SObj_gdrvHandle_drvCtrlC     
0     0000013a  _PIL_V_PWR_SObj_gdrvHandle_drvStat1     
0     00000140  _PIL_V_PWR_SObj_gdrvHandle_drvStat2     
0     00000134  _PIL_V_PWR_SObj_gdrvHandle_drvStat3     
0     00000128  _PIL_V_PWR_SObj_gdrvHandle_drvStat4     
0     0000019a  _PIL_V_PWR_SObj_gdrvInitReq             
0     000001a0  _PIL_V_PWR_SObj_gdrvStatus              
0     000001e8  _PIL_V_PWR_SObj_pilMode                 
0     000001a6  _PIL_V_PWR_SObj_state                   
0     0000020c  _PIL_WA_Calibs_dummy                    
0     003f4ad2  _PIL_allowPilSimulation                 
0     003f4c6a  _PIL_backgroundCall                     
0     003f4c6f  _PIL_backgroundCallnoSynch              
0     003f4c5d  _PIL_beginInterruptCall                 
0     003f4af2  _PIL_inhibitPilSimulation               
0     003f496d  _PIL_init                               
0     003f4a5e  _PIL_init_p                             
0     003f4b12  _PIL_requestNormalMode                  
0     003f4b28  _PIL_requestReadyMode                   
0     003f4a3d  _PIL_setBackgroundCommCallback          
0     003f4a30  _PIL_setCtrlCallback                    
0     003f49f2  _PIL_setLinkParams                      
0     003f4a22  _PIL_setNodeAddress                     
0     003f4a4a  _PIL_setScopeBuffer                     
0     003f49dd  _PIL_setWriteInterlockHandler           
0     003f4b3e  _PIL_simulationActive                   
0     003f5e12  _PLLset                                 
1     0000802a  _PWM_SObj                               
0     003f5605  _PWM_configure                          
0     003f5582  _PWM_getRegisterBase                    
0     003f55fe  _PWM_init                               
0     003f5752  _PWM_setCompare                         
0     003f55b7  _PWM_setDefaultParams                   
0     003f5558  _PWM_sinit                              
1     000083e2  _PWR_SObj                               
0     003f5bd2  _PWR_background                         
0     003f5c11  _PWR_calibsAreDirty                     
0     003f5b31  _PWR_configure                          
0     003f5c1b  _PWR_disableSwitching                   
0     003f5be9  _PWR_enable                             
0     003f5c35  _PWR_enableSwitching                    
0     003f5b6f  _PWR_fsm                                
0     003f5c07  _PWR_isEnabled                          
0     003f5bfd  _PWR_isReadyForEnable                   
0     003f5bef  _PWR_isSafe                             
0     003f5b52  _PWR_registerPwmChannel                 
0     003f5b63  _PWR_reset                              
0     003f5c57  _PWR_setPilMode                         
0     003f5b2b  _PWR_sinit                              
0     003f5b4d  _PWR_unregisterAllPwmChannels           
1     003d7e80  _PartIdRegs                             
0     003f5e4e  _PieCntlInit                            
1     00000ce0  _PieCtrlRegs                            
1     00000d00  _PieVectTable                           
0     003f5e6d  _PieVectTableInit                       
0     003f63a7  _PilCallback                            
0     003f6475  _PilInitCalibrations                    
0     003f6474  _PilInitOverrideProbes                  
1     0000803b  _PuVars                                 
0     003f5f44  _QEP_configure                          
0     003f5f3d  _QEP_init                               
0     003f6575  _RamfuncsLoadEnd                        
abs   0000001f  _RamfuncsLoadSize                       
0     003f6556  _RamfuncsLoadStart                      
0     00008800  _RamfuncsRunStart                       
0     003f61c1  _SCIGetChar                             
0     003f6183  _SCIInit                                
0     003f61d9  _SCIPoll                                
0     003f61cb  _SCIPutChar                             
0     003f61d1  _SCIWriteString                         
1     00007050  _SciaRegs                               
1     00007750  _ScibRegs                               
1     00007040  _SpiaRegs                               
1     00007740  _SpibRegs                               
1     00007010  _SysCtrlRegs                            
1     00000985  _SysPwrCtrlRegs                         
0     003f60ff  _Task1                                  
0     003f6102  _Task2                                  
1     00004000  _Usb0Regs                               
0     003f5dd0  _WDogDisable                            
1     00007070  _XIntruptRegs                           
1     00000350  __STACK_END                             
abs   00000300  __STACK_SIZE                            
1     00008032  ___TI_cleanup_ptr                       
1     00008034  ___TI_dtors_ptr                         
1     00008030  ___TI_enable_exit_profile_output        
abs   ffffffff  ___TI_pprof_out_hndl                    
abs   ffffffff  ___TI_prof_data_size                    
abs   ffffffff  ___TI_prof_data_start                   
abs   ffffffff  ___binit__                              
abs   ffffffff  ___c_args__                             
0     003f6575  ___cinit__                              
0     003f6480  ___etext__                              
abs   ffffffff  ___pinit__                              
0     003f4000  ___text__                               
0     003f6428  __args_main                             
1     00008036  __lock                                  
0     003f6464  __nop                                   
0     003f6460  __register_lock                         
0     003f645c  __register_unlock                       
1     00000050  __stack                                 
0     003f647f  __system_post_cinit                     
0     003f647d  __system_pre_init                       
1     00008038  __unlock                                
0     003f63e5  _abort                                  
0     003f62bf  _c_int00                                
0     003f6361  _copy_in                                
0     003f640e  _ddcopy                                 
0     003f640e  _dpcopy                                 
0     003f63e7  _exit                                   
0     003f6266  _floor                                  
0     003f6266  _floorf                                 
0     003f6110  _main                                   
0     003f640e  _pdcopy                                 
0     003f640e  _ppcopy                                 
abs   ffffffff  binit                                   
0     003f6575  cinit                                   
0     003f7ff6  code_start                              
0     003f6480  etext                                   
abs   ffffffff  pinit                                   


GLOBAL SYMBOLS: SORTED BY Symbol Address 

page  address   name                                    
----  -------   ----                                    
0     00000000  _PIL_C_ProcessorPartNumber              
0     00000002  _PIL_V_PWR_SHandle_calibsAreDirty       
0     00000008  _PIL_V_Calibs_dummy                     
0     0000000e  _PIL_V_PWR_SHandle_gatesActive          
0     00000014  _PIL_V_PWR_SHandle_enableReq            
0     0000001a  _PIL_V_PWR_SHandle_errorCode            
0     00000020  _PIL_V_GdrvObj_drvStat4                 
0     00000026  _PIL_V_GdrvObj_drvCtrl1                 
0     0000002c  _PIL_V_GdrvObj_drvStat3                 
0     00000032  _PIL_V_GdrvObj_drvStat1                 
0     00000038  _PIL_V_GdrvObj_drvStat2                 
0     0000003e  _PIL_V_PWR_SHandle_gdrvStatus           
0     00000044  _PIL_V_PWR_SHandle_gdrvHandle_drvCtrl9  
0     0000004a  _PIL_V_PWR_SHandle_gdrvHandle_drvCtrlA  
0     00000050  _PIL_V_PWR_SHandle_gdrvHandle_drvCtrl7  
0     00000056  _PIL_V_PWR_SHandle_gdrvHandle_drvCtrl5  
0     0000005c  _PIL_V_PWR_SHandle_gdrvHandle_drvCtrl6  
0     00000062  _PIL_V_PWR_SHandle_state                
0     00000068  _PIL_V_PWR_SHandle_gdrvInitReq          
0     0000006e  _PIL_V_PWR_SHandle_pilMode              
0     00000074  _PIL_V_PWR_SHandle_gdrvHandle_drvCtrlB  
0     0000007a  _PIL_V_PWR_SHandle_gdrvHandle_drvCtrlC  
0     00000080  _PIL_V_GdrvHandle_drvCtrl5              
0     00000086  _PIL_V_GdrvHandle_drvCtrl6              
0     0000008c  _PIL_V_GdrvHandle_drvCtrl2              
0     00000092  _PIL_V_GdrvHandle_drvStat4              
0     00000098  _PIL_V_GdrvHandle_drvCtrl1              
0     0000009e  _PIL_V_GdrvHandle_drvCtrlB              
0     000000a4  _PIL_V_GdrvHandle_drvCtrlC              
0     000000aa  _PIL_V_GdrvHandle_drvCtrlA              
0     000000b0  _PIL_V_GdrvHandle_drvCtrl7              
0     000000b6  _PIL_V_GdrvHandle_drvCtrl9              
0     000000bc  _PIL_V_GdrvHandle_drvStat3              
0     000000c2  _PIL_V_GdrvObj_drvCtrl7                 
0     000000c8  _PIL_V_GdrvObj_drvCtrl9                 
0     000000ce  _PIL_V_GdrvObj_drvCtrl6                 
0     000000d4  _PIL_V_GdrvObj_drvCtrl2                 
0     000000da  _PIL_V_GdrvObj_drvCtrl5                 
0     000000e0  _PIL_V_GdrvHandle_drvStat1              
0     000000e6  _PIL_V_GdrvHandle_drvStat2              
0     000000ec  _PIL_V_GdrvObj_drvCtrlC                 
0     000000f2  _PIL_V_GdrvObj_drvCtrlA                 
0     000000f8  _PIL_V_GdrvObj_drvCtrlB                 
0     000000fe  _PIL_V_PWR_SHandle_gdrvHandle_drvCtrl2  
0     00000104  _PIL_V_DisprHandle_thisCntdownTimestamp2
0     0000010a  _PIL_V_DisprHandle_cntdownTimestamp1    
0     00000110  _PIL_V_DisprHandle_thisCntdownTimestamp1
0     00000116  _PIL_V_DisprHandle_ctrlPeriod           
0     0000011c  _PIL_V_DisprHandle_thisCntdownTimestamp0
0     00000122  _PIL_V_DisprObj_cntdownTimestamp2       
0     00000128  _PIL_V_PWR_SObj_gdrvHandle_drvStat4     
0     0000012e  _PIL_V_PWR_SObj_gdrvHandle_drvCtrl1     
0     00000134  _PIL_V_PWR_SObj_gdrvHandle_drvStat3     
0     0000013a  _PIL_V_PWR_SObj_gdrvHandle_drvStat1     
0     00000140  _PIL_V_PWR_SObj_gdrvHandle_drvStat2     
0     00000146  _PIL_V_PWM_SObj_cmp_CMP5                
0     0000014c  _PIL_V_PWM_SObj_cmp_CMP6                
0     00000152  _PIL_V_PWM_SObj_cmp_CMP4                
0     00000158  _PIL_V_PWM_SObj_cmp_CMP2                
0     0000015e  _PIL_V_PWM_SObj_cmp_CMP3                
0     00000164  _PIL_V_PWM_SObj_cmp_CMP1                
0     0000016a  _PIL_V_DisprObj_cntdownTimestamp1       
0     00000170  _PIL_V_DisprHandle_cntdownTimestamp2    
0     00000176  _PIL_V_DisprObj_thisCntdownTimestamp2   
0     0000017c  _PIL_V_DisprObj_thisCntdownTimestamp0   
0     00000182  _PIL_V_DisprObj_thisCntdownTimestamp1   
0     00000188  _PIL_V_PWR_SObj_errorCode               
0     0000018e  _PIL_V_PWR_SObj_gatesActive             
0     00000194  _PIL_V_PWR_SObj_enableReq               
0     0000019a  _PIL_V_PWR_SObj_gdrvInitReq             
0     000001a0  _PIL_V_PWR_SObj_gdrvStatus              
0     000001a6  _PIL_V_PWR_SObj_state                   
0     000001ac  _PIL_V_PWR_SHandle_gdrvHandle_drvStat4  
0     000001b2  _PIL_V_PWR_SHandle_gdrvHandle_drvCtrl1  
0     000001b8  _PIL_V_PWR_SHandle_gdrvHandle_drvStat3  
0     000001be  _PIL_V_PWR_SHandle_gdrvHandle_drvStat1  
0     000001c4  _PIL_V_PWR_SHandle_gdrvHandle_drvStat2  
0     000001ca  _PIL_V_DisprObj_ctrlPeriod              
0     000001d0  _PIL_V_PWR_SObj_gdrvHandle_drvCtrl9     
0     000001d6  _PIL_V_PWR_SObj_gdrvHandle_drvCtrl7     
0     000001dc  _PIL_V_PWR_SObj_gdrvHandle_drvCtrl5     
0     000001e2  _PIL_V_PWR_SObj_gdrvHandle_drvCtrl6     
0     000001e8  _PIL_V_PWR_SObj_pilMode                 
0     000001ee  _PIL_V_PWR_SObj_calibsAreDirty          
0     000001f4  _PIL_V_PWR_SObj_gdrvHandle_drvCtrlC     
0     000001fa  _PIL_V_PWR_SObj_gdrvHandle_drvCtrlA     
0     00000200  _PIL_V_PWR_SObj_gdrvHandle_drvCtrlB     
0     00000206  _PIL_V_PWR_SObj_gdrvHandle_drvCtrl2     
0     0000020c  _PIL_WA_Calibs_dummy                    
0     00008800  _InitFlash                              
0     00008800  _RamfuncsRunStart                       
0     0000881b  _DSP28x_usDelay                         
0     003f4000  .text                                   
0     003f4000  _PIL_PROBES_init                        
0     003f4000  ___text__                               
0     003f402a  _PIL_PROBES_setActualPilMode            
0     003f4038  _PIL_PROBES_setDesiredPilMode           
0     003f4041  _PIL_PROBES_setActualPilStep            
0     003f404b  _PIL_PROBES_getActualPilMode            
0     003f4053  _PIL_PROBES_getDesiredPilMode           
0     003f405b  _PIL_PROBES_getPreviousPilMode          
0     003f4063  _PIL_PROBES_getActualPilStep            
0     003f406c  _PIL_PROBES_getDesiredPilStep           
0     003f41a3  _PIL_PROBES_messageHandler              
0     003f462a  _Controls_initialize                    
0     003f47d0  _Controls_step                          
0     003f495f  _Controls_terminate                     
0     003f496d  _PIL_init                               
0     003f4977  _PIL_RA_parallelIn                      
0     003f4987  _PIL_RA_parallelOut                     
0     003f4999  _PIL_RA_serialIn                        
0     003f49a7  _PIL_RA_serialOut                       
0     003f49b6  _PIL_RA_serialOutIsSynchronized         
0     003f49c3  _PIL_SCOPE_sample                       
0     003f49d0  _PIL_SCOPE_trigger                      
0     003f49dd  _PIL_setWriteInterlockHandler           
0     003f49f2  _PIL_setLinkParams                      
0     003f4a22  _PIL_setNodeAddress                     
0     003f4a30  _PIL_setCtrlCallback                    
0     003f4a3d  _PIL_setBackgroundCommCallback          
0     003f4a4a  _PIL_setScopeBuffer                     
0     003f4a5e  _PIL_init_p                             
0     003f4ad2  _PIL_allowPilSimulation                 
0     003f4af2  _PIL_inhibitPilSimulation               
0     003f4b12  _PIL_requestNormalMode                  
0     003f4b28  _PIL_requestReadyMode                   
0     003f4b3e  _PIL_simulationActive                   
0     003f4c5d  _PIL_beginInterruptCall                 
0     003f4c6a  _PIL_backgroundCall                     
0     003f4c6f  _PIL_backgroundCallnoSynch              
0     003f4c91  _PIL_SCOPE_init                         
0     003f4ca8  _PIL_SCOPE_setBuffer                    
0     003f4cb8  _PIL_SCOPE_sample_p                     
0     003f4d16  _PIL_SCOPE_trigger_p                    
0     003f4dd6  _PIL_SCOPE_messageHandler               
0     003f4f48  _PIL_RA_init                            
0     003f4f95  _PIL_RA_setGuid                         
0     003f4faf  _PIL_RA_setNodeAddress                  
0     003f4fbe  _PIL_RA_registerService                 
0     003f4fe3  _PIL_RA_serialIn_p                      
0     003f4ff0  _PIL_RA_serialOut_p                     
0     003f5006  _PIL_RA_serialOutIsSynchronized_p       
0     003f5012  _PIL_RA_parallelIn_p                    
0     003f503d  _PIL_RA_parallelOut_p                   
0     003f5060  _PIL_RA_pollLinkRsp                     
0     003f50bc  _PIL_RA_pollLinkReq                     
0     003f5118  _PIL_SLINK_init                         
0     003f5140  _PIL_SLINK_in                           
0     003f514b  _PIL_SLINK_out                          
0     003f5179  _PIL_SLINK_outIsSynchronized            
0     003f5187  _PIL_SLINK_outBufIsEmpty                
0     003f52a2  _PIL_SLINK_send                         
0     003f52c2  _PIL_SLINK_receive                      
0     003f5348  _PIL_BSRVS_init                         
0     003f5360  _PIL_BSRVS_setWriteInterlockHandler     
0     003f53c4  _PIL_BSRVS_messageHandler               
0     003f5558  _PWM_sinit                              
0     003f5582  _PWM_getRegisterBase                    
0     003f55b7  _PWM_setDefaultParams                   
0     003f55fe  _PWM_init                               
0     003f5605  _PWM_configure                          
0     003f5752  _PWM_setCompare                         
0     003f575a  _DISPR_sinit                            
0     003f5762  _DISPR_configure                        
0     003f5789  _DISPR_setPowerupDelayMs                
0     003f578f  _DISPR_powerupDelayIsActive             
0     003f5799  _DISPR_setTriggerByAdcViaTimer          
0     003f57cf  _DISPR_setTriggerByAdcViaPwm            
0     003f5811  _DISPR_setTriggerByTimer                
0     003f582d  _DISPR_setTriggerByPwm                  
0     003f5851  _DISPR_reset                            
0     003f5857  _DISPR_start                            
0     003f5941  _DISPR_stop                             
0     003f5953  _DISPR_background                       
0     003f5954  _HAL_sinit                              
0     003f5a0f  _HAL_setupDigitalOut                    
0     003f5a22  _HAL_setupDigitalIn                     
0     003f5a34  _HAL_getDefaultAdcParams                
0     003f5a3b  _HAL_setupAdc                           
0     003f5a56  _HAL_getDefaultAinChannelParams         
0     003f5a5d  _HAL_setupAnalogIn                      
0     003f5a92  _HAL_setupAnalogInF                     
0     003f5abb  _HAL_getDefaultPwmParams                
0     003f5acf  _HAL_setupPwmOut                        
0     003f5af7  _HAL_setupQep                           
0     003f5b0a  _HAL_configure                          
0     003f5b0d  _HAL_getLowestPwmResourceConfigured     
0     003f5b1b  _HAL_getHighestSocConfigured            
0     003f5b2b  _PWR_sinit                              
0     003f5b31  _PWR_configure                          
0     003f5b4d  _PWR_unregisterAllPwmChannels           
0     003f5b52  _PWR_registerPwmChannel                 
0     003f5b63  _PWR_reset                              
0     003f5b6f  _PWR_fsm                                
0     003f5bd2  _PWR_background                         
0     003f5be9  _PWR_enable                             
0     003f5bef  _PWR_isSafe                             
0     003f5bfd  _PWR_isReadyForEnable                   
0     003f5c07  _PWR_isEnabled                          
0     003f5c11  _PWR_calibsAreDirty                     
0     003f5c1b  _PWR_disableSwitching                   
0     003f5c35  _PWR_enableSwitching                    
0     003f5c57  _PWR_setPilMode                         
0     003f5c75  _AIN_sinit                              
0     003f5c97  _AIN_getRegisterBase                    
0     003f5ca0  _AIN_setDefaultAdcParams                
0     003f5cac  _AIN_init                               
0     003f5cb3  _AIN_configure                          
0     003f5cf3  _AIN_setDefaultChannelParams            
0     003f5cfd  _AIN_resetChannelSetup                  
0     003f5d13  _AIN_setupChannel                       
0     003f5d43  _AIN_getIn                              
0     003f5da4  _DeviceInit                             
0     003f5dd0  _WDogDisable                            
0     003f5dd8  _IntOsc1Sel                             
0     003f5de8  _IntOsc2Sel                             
0     003f5dfc  _ExtOscSel                              
0     003f5e12  _PLLset                                 
0     003f5e4e  _PieCntlInit                            
0     003f5e6d  _PieVectTableInit                       
0     003f5e81  _MemCopy                                
0     003f5f3d  _QEP_init                               
0     003f5f44  _QEP_configure                          
0     003f5fe3  _DIO_sinit                              
0     003f5ff7  _DIO_obtainDummyWrite                   
0     003f5ffa  _DIO_obtainDummyRead                    
0     003f6002  _DIO_init                               
0     003f6009  _DIO_configureIn                        
0     003f600e  _DIO_configureOut                       
0     003f6077  FS$$DIV                                 
0     003f60ff  _Task1                                  
0     003f6102  _Task2                                  
0     003f6110  _main                                   
0     003f6183  _SCIInit                                
0     003f61c1  _SCIGetChar                             
0     003f61cb  _SCIPutChar                             
0     003f61d1  _SCIWriteString                         
0     003f61d9  _SCIPoll                                
0     003f6200  _PIL_RBUF_reset                         
0     003f620b  _PIL_RBUF_isEmpty                       
0     003f6219  _PIL_RBUF_push                          
0     003f6244  _PIL_RBUF_pop                           
0     003f6266  _floor                                  
0     003f6266  _floorf                                 
0     003f62bf  _c_int00                                
0     003f6315  _GDRV_init                              
0     003f632a  _GDRV_assignSpiPort                     
0     003f632e  _GDRV_assignPin                         
0     003f633a  _GDRV_powerup                           
0     003f6341  _GDRV_setup                             
0     003f6343  _GDRV_enable                            
0     003f634b  _GDRV_disable                           
0     003f6352  _GDRV_hasFaulted                        
0     003f6361  _copy_in                                
0     003f63a7  _PilCallback                            
0     003f63e5  C$$EXIT                                 
0     003f63e5  _abort                                  
0     003f63e7  _exit                                   
0     003f640e  _ddcopy                                 
0     003f640e  _dpcopy                                 
0     003f640e  _pdcopy                                 
0     003f640e  _ppcopy                                 
0     003f6428  __args_main                             
0     003f6441  _Controls_0_cScriptStart                
0     003f6442  _Controls_0_cScriptOutput               
0     003f644f  _Controls_0_cScriptUpdate               
0     003f6450  _Controls_0_cScriptDerivative           
0     003f6451  _Controls_0_cScriptTerminate            
0     003f6452  _ISR_ILLEGAL                            
0     003f645c  __register_unlock                       
0     003f6460  __register_lock                         
0     003f6464  __nop                                   
0     003f646d  _PIL_DisableInt                         
0     003f6471  _PIL_RestoreInt                         
0     003f6474  _PilInitOverrideProbes                  
0     003f6475  _PilInitCalibrations                    
0     003f647a  _InitCalib                              
0     003f647d  __system_pre_init                       
0     003f647f  __system_post_cinit                     
0     003f6480  ___etext__                              
0     003f6480  etext                                   
0     003f64ea  _PIL_D_CompiledDate                     
0     003f651c  _PIL_SLINK_crc16Lookup                  
0     003f652c  _PIL_D_FirmwareDescription              
0     003f653a  _PIL_D_Guid                             
0     003f6542  _PIL_D_CompiledBy                       
0     003f6548  _Controls_checksum                      
0     003f654a  _Controls_sampleTime                    
0     003f6550  _PIL_D_FrameworkVersion                 
0     003f6551  _PIL_D_StationAddress                   
0     003f6552  _PIL_D_BaudRate                         
0     003f6556  _RamfuncsLoadStart                      
0     003f6575  _RamfuncsLoadEnd                        
0     003f6575  ___cinit__                              
0     003f6575  cinit                                   
0     003f7ff6  code_start                              
1     00000050  __stack                                 
1     00000350  __STACK_END                             
1     00000880  _DevEmuRegs                             
1     00000985  _SysPwrCtrlRegs                         
1     00000a80  _FlashRegs                              
1     00000ae0  _CsmRegs                                
1     00000b00  _AdcResult                              
1     00000c00  _CpuTimer0Regs                          
1     00000c08  _CpuTimer1Regs                          
1     00000c10  _CpuTimer2Regs                          
1     00000ce0  _PieCtrlRegs                            
1     00000d00  _EmuKey                                 
1     00000d00  _PieVectTable                           
1     00000d01  _EmuBMode                               
1     00000d02  _Flash_CallbackPtr                      
1     00000d04  _Flash_CPUScaleFactor                   
1     00001000  _DmaRegs                                
1     00001400  _Cla1Regs                               
1     00004000  _Usb0Regs                               
1     00005000  _McbspaRegs                             
1     00006000  _ECanaRegs                              
1     00006040  _ECanaLAMRegs                           
1     00006080  _ECanaMOTSRegs                          
1     000060c0  _ECanaMOTORegs                          
1     00006100  _ECanaMboxes                            
1     00006400  _Comp1Regs                              
1     00006420  _Comp2Regs                              
1     00006440  _Comp3Regs                              
1     00006800  _EPwm1Regs                              
1     00006840  _EPwm2Regs                              
1     00006880  _EPwm3Regs                              
1     000068c0  _EPwm4Regs                              
1     00006900  _EPwm5Regs                              
1     00006940  _EPwm6Regs                              
1     00006980  _EPwm7Regs                              
1     000069c0  _EPwm8Regs                              
1     00006a00  _ECap1Regs                              
1     00006a20  _ECap2Regs                              
1     00006a40  _ECap3Regs                              
1     00006ac0  _HRCap1Regs                             
1     00006ae0  _HRCap2Regs                             
1     00006b00  _EQep1Regs                              
1     00006b40  _EQep2Regs                              
1     00006c80  _HRCap3Regs                             
1     00006ca0  _HRCap4Regs                             
1     00006f80  _GpioCtrlRegs                           
1     00006fc0  _GpioDataRegs                           
1     00006fe0  _GpioIntRegs                            
1     00007010  _SysCtrlRegs                            
1     00007040  _SpiaRegs                               
1     00007050  _SciaRegs                               
1     00007060  _NmiIntruptRegs                         
1     00007070  _XIntruptRegs                           
1     00007100  _AdcRegs                                
1     00007740  _SpibRegs                               
1     00007750  _ScibRegs                               
1     00007900  _I2caRegs                               
1     00008002  _DisprHandle                            
1     00008004  _DisprObj                               
1     0000802a  _PWM_SObj                               
1     00008030  ___TI_enable_exit_profile_output        
1     00008032  ___TI_cleanup_ptr                       
1     00008034  ___TI_dtors_ptr                         
1     00008036  __lock                                  
1     00008038  __unlock                                
1     0000803a  _Calibs                                 
1     0000803b  _PuVars                                 
1     000083e2  _PWR_SObj                               
1     00008400  _HAL_SObj                               
1     00008546  _GdrvHandle                             
1     00008548  _DoutDrvEnableObj                       
1     0000854e  _GdrvObj                                
1     00008581  _Controls_X                             
1     00008584  _Controls_errorStatus                   
1     000085a2  _Controls_B                             
1     003d7e80  _PartIdRegs                             
1     003f7ff8  _CsmPwl                                 
abs   0000001f  _RamfuncsLoadSize                       
abs   00000300  __STACK_SIZE                            
abs   ffffffff  ___TI_pprof_out_hndl                    
abs   ffffffff  ___TI_prof_data_size                    
abs   ffffffff  ___TI_prof_data_start                   
abs   ffffffff  ___binit__                              
abs   ffffffff  ___c_args__                             
abs   ffffffff  ___pinit__                              
abs   ffffffff  binit                                   
abs   ffffffff  pinit                                   

[383 symbols]
